
============================================================
P2 TRACK-2 SMS CAMPAIGN — 60 cells
============================================================

Cell: A2_MP1  inst=27  equiv=0  killed=27  survive=0  SMS=1.0000
    KILLED    m01_a2_CE1_claude_a02.py
    KILLED    m02_a2_CE1_claude_a01.py
    KILLED    m03_a2_CE1_claude_a03.py
    KILLED    m04_a2_CE1_deepseek_a03.py
    KILLED    m05_a2_CE1_deepseek_a02.py
    KILLED    m06_a2_CE1_deepseek_a01.py
    KILLED    m07_a2_CE1_gpt_a02.py
    KILLED    m08_a2_CE1_gpt_a03.py
    KILLED    m09_a2_CE1_gpt_a01.py
    KILLED    m10_a2_OS1_claude_a02.py
    KILLED    m11_a2_OS1_claude_a03.py
    KILLED    m12_a2_OS1_claude_a01.py
    KILLED    m13_a2_OS1_deepseek_a02.py
    KILLED    m14_a2_OS1_deepseek_a01.py
    KILLED    m15_a2_OS1_deepseek_a03.py
    KILLED    m16_a2_OS1_gpt_a01.py
    KILLED    m17_a2_OS1_gpt_a02.py
    KILLED    m18_a2_OS1_gpt_a03.py
    KILLED    m19_a2_SI1_claude_a02.py
    KILLED    m20_a2_SI1_claude_a03.py
    KILLED    m21_a2_SI1_claude_a01.py
    KILLED    m22_a2_SI1_deepseek_a02.py
    KILLED    m23_a2_SI1_deepseek_a03.py
    KILLED    m24_a2_SI1_deepseek_a01.py
    KILLED    m25_a2_SI1_gpt_a02.py
    KILLED    m26_a2_SI1_gpt_a03.py
    KILLED    m27_a2_SI1_gpt_a01.py

Cell: A2_MP2  inst=27  equiv=0  killed=0  survive=27  SMS=0.0000
    SURVIVE   m01_a2_CE1_claude_a02.py
    SURVIVE   m02_a2_CE1_claude_a01.py
    SURVIVE   m03_a2_CE1_claude_a03.py
    SURVIVE   m04_a2_CE1_deepseek_a03.py
    SURVIVE   m05_a2_CE1_deepseek_a02.py
    SURVIVE   m06_a2_CE1_deepseek_a01.py
    SURVIVE   m07_a2_CE1_gpt_a02.py
    SURVIVE   m08_a2_CE1_gpt_a03.py
    SURVIVE   m09_a2_CE1_gpt_a01.py
    SURVIVE   m10_a2_OS1_claude_a02.py
    SURVIVE   m11_a2_OS1_claude_a03.py
    SURVIVE   m12_a2_OS1_claude_a01.py
    SURVIVE   m13_a2_OS1_deepseek_a02.py
    SURVIVE   m14_a2_OS1_deepseek_a01.py
    SURVIVE   m15_a2_OS1_deepseek_a03.py
    SURVIVE   m16_a2_OS1_gpt_a01.py
    SURVIVE   m17_a2_OS1_gpt_a02.py
    SURVIVE   m18_a2_OS1_gpt_a03.py
    SURVIVE   m19_a2_SI1_claude_a02.py
    SURVIVE   m20_a2_SI1_claude_a03.py
    SURVIVE   m21_a2_SI1_claude_a01.py
    SURVIVE   m22_a2_SI1_deepseek_a02.py
    SURVIVE   m23_a2_SI1_deepseek_a03.py
    SURVIVE   m24_a2_SI1_deepseek_a01.py
    SURVIVE   m25_a2_SI1_gpt_a02.py
    SURVIVE   m26_a2_SI1_gpt_a03.py
    SURVIVE   m27_a2_SI1_gpt_a01.py

Cell: A2_MP3  inst=27  equiv=0  killed=0  survive=27  SMS=0.0000
    SURVIVE   m01_a2_CE1_claude_a02.py
    SURVIVE   m02_a2_CE1_claude_a01.py
    SURVIVE   m03_a2_CE1_claude_a03.py
    SURVIVE   m04_a2_CE1_deepseek_a03.py
    SURVIVE   m05_a2_CE1_deepseek_a02.py
    SURVIVE   m06_a2_CE1_deepseek_a01.py
    SURVIVE   m07_a2_CE1_gpt_a02.py
    SURVIVE   m08_a2_CE1_gpt_a03.py
    SURVIVE   m09_a2_CE1_gpt_a01.py
    SURVIVE   m10_a2_OS1_claude_a02.py
    SURVIVE   m11_a2_OS1_claude_a03.py
    SURVIVE   m12_a2_OS1_claude_a01.py
    SURVIVE   m13_a2_OS1_deepseek_a02.py
    SURVIVE   m14_a2_OS1_deepseek_a01.py
    SURVIVE   m15_a2_OS1_deepseek_a03.py
    SURVIVE   m16_a2_OS1_gpt_a01.py
    SURVIVE   m17_a2_OS1_gpt_a02.py
    SURVIVE   m18_a2_OS1_gpt_a03.py
    SURVIVE   m19_a2_SI1_claude_a02.py
    SURVIVE   m20_a2_SI1_claude_a03.py
    SURVIVE   m21_a2_SI1_claude_a01.py
    SURVIVE   m22_a2_SI1_deepseek_a02.py
    SURVIVE   m23_a2_SI1_deepseek_a03.py
    SURVIVE   m24_a2_SI1_deepseek_a01.py
    SURVIVE   m25_a2_SI1_gpt_a02.py
    SURVIVE   m26_a2_SI1_gpt_a03.py
    SURVIVE   m27_a2_SI1_gpt_a01.py

Cell: A2_MP4  inst=27  equiv=0  killed=0  survive=27  SMS=0.0000
    SURVIVE   m01_a2_CE1_claude_a02.py
    SURVIVE   m02_a2_CE1_claude_a01.py
    SURVIVE   m03_a2_CE1_claude_a03.py
    SURVIVE   m04_a2_CE1_deepseek_a03.py
    SURVIVE   m05_a2_CE1_deepseek_a02.py
    SURVIVE   m06_a2_CE1_deepseek_a01.py
    SURVIVE   m07_a2_CE1_gpt_a02.py
    SURVIVE   m08_a2_CE1_gpt_a03.py
    SURVIVE   m09_a2_CE1_gpt_a01.py
    SURVIVE   m10_a2_OS1_claude_a02.py
    SURVIVE   m11_a2_OS1_claude_a03.py
    SURVIVE   m12_a2_OS1_claude_a01.py
    SURVIVE   m13_a2_OS1_deepseek_a02.py
    SURVIVE   m14_a2_OS1_deepseek_a01.py
    SURVIVE   m15_a2_OS1_deepseek_a03.py
    SURVIVE   m16_a2_OS1_gpt_a01.py
    SURVIVE   m17_a2_OS1_gpt_a02.py
    SURVIVE   m18_a2_OS1_gpt_a03.py
    SURVIVE   m19_a2_SI1_claude_a02.py
    SURVIVE   m20_a2_SI1_claude_a03.py
    SURVIVE   m21_a2_SI1_claude_a01.py
    SURVIVE   m22_a2_SI1_deepseek_a02.py
    SURVIVE   m23_a2_SI1_deepseek_a03.py
    SURVIVE   m24_a2_SI1_deepseek_a01.py
    SURVIVE   m25_a2_SI1_gpt_a02.py
    SURVIVE   m26_a2_SI1_gpt_a03.py
    SURVIVE   m27_a2_SI1_gpt_a01.py

Cell: A2_MP5  inst=27  equiv=0  killed=0  survive=27  SMS=0.0000
    SURVIVE   m01_a2_CE1_claude_a02.py
    SURVIVE   m02_a2_CE1_claude_a01.py
    SURVIVE   m03_a2_CE1_claude_a03.py
    SURVIVE   m04_a2_CE1_deepseek_a03.py
    SURVIVE   m05_a2_CE1_deepseek_a02.py
    SURVIVE   m06_a2_CE1_deepseek_a01.py
    SURVIVE   m07_a2_CE1_gpt_a02.py
    SURVIVE   m08_a2_CE1_gpt_a03.py
    SURVIVE   m09_a2_CE1_gpt_a01.py
    SURVIVE   m10_a2_OS1_claude_a02.py
    SURVIVE   m11_a2_OS1_claude_a03.py
    SURVIVE   m12_a2_OS1_claude_a01.py
    SURVIVE   m13_a2_OS1_deepseek_a02.py
    SURVIVE   m14_a2_OS1_deepseek_a01.py
    SURVIVE   m15_a2_OS1_deepseek_a03.py
    SURVIVE   m16_a2_OS1_gpt_a01.py
    SURVIVE   m17_a2_OS1_gpt_a02.py
    SURVIVE   m18_a2_OS1_gpt_a03.py
    SURVIVE   m19_a2_SI1_claude_a02.py
    SURVIVE   m20_a2_SI1_claude_a03.py
    SURVIVE   m21_a2_SI1_claude_a01.py
    SURVIVE   m22_a2_SI1_deepseek_a02.py
    SURVIVE   m23_a2_SI1_deepseek_a03.py
    SURVIVE   m24_a2_SI1_deepseek_a01.py
    SURVIVE   m25_a2_SI1_gpt_a02.py
    SURVIVE   m26_a2_SI1_gpt_a03.py
    SURVIVE   m27_a2_SI1_gpt_a01.py

Cell: A3_MP1  inst=18  equiv=0  killed=0  survive=18  SMS=0.0000
    SURVIVE   m01_a3_CE1_claude_a02.py
    SURVIVE   m02_a3_CE1_claude_a01.py
    SURVIVE   m03_a3_CE1_claude_a03.py
    SURVIVE   m04_a3_CE1_deepseek_a03.py
    SURVIVE   m05_a3_CE1_deepseek_a02.py
    SURVIVE   m06_a3_CE1_deepseek_a01.py
    SURVIVE   m07_a3_CE1_gpt_a02.py
    SURVIVE   m08_a3_CE1_gpt_a03.py
    SURVIVE   m09_a3_CE1_gpt_a01.py
    SURVIVE   m10_a3_OS1_claude_a02.py
    SURVIVE   m11_a3_OS1_claude_a03.py
    SURVIVE   m12_a3_OS1_claude_a01.py
    SURVIVE   m13_a3_OS1_deepseek_a02.py
    SURVIVE   m14_a3_OS1_deepseek_a01.py
    SURVIVE   m15_a3_OS1_deepseek_a03.py
    SURVIVE   m16_a3_OS1_gpt_a01.py
    SURVIVE   m17_a3_OS1_gpt_a02.py
    SURVIVE   m18_a3_OS1_gpt_a03.py

Cell: A3_MP2  inst=18  equiv=0  killed=0  survive=18  SMS=0.0000
    SURVIVE   m01_a3_CE1_claude_a02.py
    SURVIVE   m02_a3_CE1_claude_a01.py
    SURVIVE   m03_a3_CE1_claude_a03.py
    SURVIVE   m04_a3_CE1_deepseek_a03.py
    SURVIVE   m05_a3_CE1_deepseek_a02.py
    SURVIVE   m06_a3_CE1_deepseek_a01.py
    SURVIVE   m07_a3_CE1_gpt_a02.py
    SURVIVE   m08_a3_CE1_gpt_a03.py
    SURVIVE   m09_a3_CE1_gpt_a01.py
    SURVIVE   m10_a3_OS1_claude_a02.py
    SURVIVE   m11_a3_OS1_claude_a03.py
    SURVIVE   m12_a3_OS1_claude_a01.py
    SURVIVE   m13_a3_OS1_deepseek_a02.py
    SURVIVE   m14_a3_OS1_deepseek_a01.py
    SURVIVE   m15_a3_OS1_deepseek_a03.py
    SURVIVE   m16_a3_OS1_gpt_a01.py
    SURVIVE   m17_a3_OS1_gpt_a02.py
    SURVIVE   m18_a3_OS1_gpt_a03.py

Cell: A3_MP3  inst=18  equiv=0  killed=0  survive=18  SMS=0.0000
    SURVIVE   m01_a3_CE1_claude_a02.py
    SURVIVE   m02_a3_CE1_claude_a01.py
    SURVIVE   m03_a3_CE1_claude_a03.py
    SURVIVE   m04_a3_CE1_deepseek_a03.py
    SURVIVE   m05_a3_CE1_deepseek_a02.py
    SURVIVE   m06_a3_CE1_deepseek_a01.py
    SURVIVE   m07_a3_CE1_gpt_a02.py
    SURVIVE   m08_a3_CE1_gpt_a03.py
    SURVIVE   m09_a3_CE1_gpt_a01.py
    SURVIVE   m10_a3_OS1_claude_a02.py
    SURVIVE   m11_a3_OS1_claude_a03.py
    SURVIVE   m12_a3_OS1_claude_a01.py
    SURVIVE   m13_a3_OS1_deepseek_a02.py
    SURVIVE   m14_a3_OS1_deepseek_a01.py
    SURVIVE   m15_a3_OS1_deepseek_a03.py
    SURVIVE   m16_a3_OS1_gpt_a01.py
    SURVIVE   m17_a3_OS1_gpt_a02.py
    SURVIVE   m18_a3_OS1_gpt_a03.py

Cell: A3_MP4  inst=18  equiv=0  killed=0  survive=18  SMS=0.0000
    SURVIVE   m01_a3_CE1_claude_a02.py
    SURVIVE   m02_a3_CE1_claude_a01.py
    SURVIVE   m03_a3_CE1_claude_a03.py
    SURVIVE   m04_a3_CE1_deepseek_a03.py
    SURVIVE   m05_a3_CE1_deepseek_a02.py
    SURVIVE   m06_a3_CE1_deepseek_a01.py
    SURVIVE   m07_a3_CE1_gpt_a02.py
    SURVIVE   m08_a3_CE1_gpt_a03.py
    SURVIVE   m09_a3_CE1_gpt_a01.py
    SURVIVE   m10_a3_OS1_claude_a02.py
    SURVIVE   m11_a3_OS1_claude_a03.py
    SURVIVE   m12_a3_OS1_claude_a01.py
    SURVIVE   m13_a3_OS1_deepseek_a02.py
    SURVIVE   m14_a3_OS1_deepseek_a01.py
    SURVIVE   m15_a3_OS1_deepseek_a03.py
    SURVIVE   m16_a3_OS1_gpt_a01.py
    SURVIVE   m17_a3_OS1_gpt_a02.py
    SURVIVE   m18_a3_OS1_gpt_a03.py

Cell: A3_MP5  inst=18  equiv=0  killed=0  survive=18  SMS=0.0000
    SURVIVE   m01_a3_CE1_claude_a02.py
    SURVIVE   m02_a3_CE1_claude_a01.py
    SURVIVE   m03_a3_CE1_claude_a03.py
    SURVIVE   m04_a3_CE1_deepseek_a03.py
    SURVIVE   m05_a3_CE1_deepseek_a02.py
    SURVIVE   m06_a3_CE1_deepseek_a01.py
    SURVIVE   m07_a3_CE1_gpt_a02.py
    SURVIVE   m08_a3_CE1_gpt_a03.py
    SURVIVE   m09_a3_CE1_gpt_a01.py
    SURVIVE   m10_a3_OS1_claude_a02.py
    SURVIVE   m11_a3_OS1_claude_a03.py
    SURVIVE   m12_a3_OS1_claude_a01.py
    SURVIVE   m13_a3_OS1_deepseek_a02.py
    SURVIVE   m14_a3_OS1_deepseek_a01.py
    SURVIVE   m15_a3_OS1_deepseek_a03.py
    SURVIVE   m16_a3_OS1_gpt_a01.py
    SURVIVE   m17_a3_OS1_gpt_a02.py
    SURVIVE   m18_a3_OS1_gpt_a03.py

Cell: B1_MP1  inst=27  equiv=0  killed=18  survive=9  SMS=0.6667
    KILLED    m01_b1_CE1_claude_a02.py
    KILLED    m02_b1_CE1_claude_a01.py
    KILLED    m03_b1_CE1_claude_a03.py
    KILLED    m04_b1_CE1_deepseek_a03.py
    KILLED    m05_b1_CE1_deepseek_a02.py
    KILLED    m06_b1_CE1_deepseek_a01.py
    KILLED    m07_b1_CE1_gpt_a02.py
    KILLED    m08_b1_CE1_gpt_a03.py
    KILLED    m09_b1_CE1_gpt_a01.py
    KILLED    m10_b1_HP1_claude_a02.py
    KILLED    m11_b1_HP1_claude_a03.py
    KILLED    m12_b1_HP1_claude_a01.py
    KILLED    m13_b1_HP1_deepseek_a02.py
    KILLED    m14_b1_HP1_deepseek_a01.py
    KILLED    m15_b1_HP1_deepseek_a03.py
    KILLED    m16_b1_HP1_gpt_a01.py
    KILLED    m17_b1_HP1_gpt_a02.py
    KILLED    m18_b1_HP1_gpt_a03.py
    SURVIVE   m19_b1_OS1_claude_a02.py
    SURVIVE   m20_b1_OS1_claude_a03.py
    SURVIVE   m21_b1_OS1_claude_a01.py
    SURVIVE   m22_b1_OS1_deepseek_a02.py
    SURVIVE   m23_b1_OS1_deepseek_a03.py
    SURVIVE   m24_b1_OS1_deepseek_a01.py
    SURVIVE   m25_b1_OS1_gpt_a02.py
    SURVIVE   m26_b1_OS1_gpt_a03.py
    SURVIVE   m27_b1_OS1_gpt_a01.py

Cell: B1_MP2  inst=27  equiv=0  killed=9  survive=18  SMS=0.3333
    SURVIVE   m01_b1_CE1_claude_a02.py
    SURVIVE   m02_b1_CE1_claude_a01.py
    SURVIVE   m03_b1_CE1_claude_a03.py
    SURVIVE   m04_b1_CE1_deepseek_a03.py
    SURVIVE   m05_b1_CE1_deepseek_a02.py
    SURVIVE   m06_b1_CE1_deepseek_a01.py
    SURVIVE   m07_b1_CE1_gpt_a02.py
    SURVIVE   m08_b1_CE1_gpt_a03.py
    SURVIVE   m09_b1_CE1_gpt_a01.py
    SURVIVE   m10_b1_HP1_claude_a02.py
    SURVIVE   m11_b1_HP1_claude_a03.py
    SURVIVE   m12_b1_HP1_claude_a01.py
    SURVIVE   m13_b1_HP1_deepseek_a02.py
    SURVIVE   m14_b1_HP1_deepseek_a01.py
    SURVIVE   m15_b1_HP1_deepseek_a03.py
    SURVIVE   m16_b1_HP1_gpt_a01.py
    SURVIVE   m17_b1_HP1_gpt_a02.py
    SURVIVE   m18_b1_HP1_gpt_a03.py
    KILLED    m19_b1_OS1_claude_a02.py
    KILLED    m20_b1_OS1_claude_a03.py
    KILLED    m21_b1_OS1_claude_a01.py
    KILLED    m22_b1_OS1_deepseek_a02.py
    KILLED    m23_b1_OS1_deepseek_a03.py
    KILLED    m24_b1_OS1_deepseek_a01.py
    KILLED    m25_b1_OS1_gpt_a02.py
    KILLED    m26_b1_OS1_gpt_a03.py
    KILLED    m27_b1_OS1_gpt_a01.py

Cell: B1_MP3  inst=27  equiv=0  killed=0  survive=27  SMS=0.0000
    SURVIVE   m01_b1_CE1_claude_a02.py
    SURVIVE   m02_b1_CE1_claude_a01.py
    SURVIVE   m03_b1_CE1_claude_a03.py
    SURVIVE   m04_b1_CE1_deepseek_a03.py
    SURVIVE   m05_b1_CE1_deepseek_a02.py
    SURVIVE   m06_b1_CE1_deepseek_a01.py
    SURVIVE   m07_b1_CE1_gpt_a02.py
    SURVIVE   m08_b1_CE1_gpt_a03.py
    SURVIVE   m09_b1_CE1_gpt_a01.py
    SURVIVE   m10_b1_HP1_claude_a02.py
    SURVIVE   m11_b1_HP1_claude_a03.py
    SURVIVE   m12_b1_HP1_claude_a01.py
    SURVIVE   m13_b1_HP1_deepseek_a02.py
    SURVIVE   m14_b1_HP1_deepseek_a01.py
    SURVIVE   m15_b1_HP1_deepseek_a03.py
    SURVIVE   m16_b1_HP1_gpt_a01.py
    SURVIVE   m17_b1_HP1_gpt_a02.py
    SURVIVE   m18_b1_HP1_gpt_a03.py
    SURVIVE   m19_b1_OS1_claude_a02.py
    SURVIVE   m20_b1_OS1_claude_a03.py
    SURVIVE   m21_b1_OS1_claude_a01.py
    SURVIVE   m22_b1_OS1_deepseek_a02.py
    SURVIVE   m23_b1_OS1_deepseek_a03.py
    SURVIVE   m24_b1_OS1_deepseek_a01.py
    SURVIVE   m25_b1_OS1_gpt_a02.py
    SURVIVE   m26_b1_OS1_gpt_a03.py
    SURVIVE   m27_b1_OS1_gpt_a01.py

Cell: B1_MP4  inst=27  equiv=0  killed=0  survive=27  SMS=0.0000
    SURVIVE   m01_b1_CE1_claude_a02.py
    SURVIVE   m02_b1_CE1_claude_a01.py
    SURVIVE   m03_b1_CE1_claude_a03.py
    SURVIVE   m04_b1_CE1_deepseek_a03.py
    SURVIVE   m05_b1_CE1_deepseek_a02.py
    SURVIVE   m06_b1_CE1_deepseek_a01.py
    SURVIVE   m07_b1_CE1_gpt_a02.py
    SURVIVE   m08_b1_CE1_gpt_a03.py
    SURVIVE   m09_b1_CE1_gpt_a01.py
    SURVIVE   m10_b1_HP1_claude_a02.py
    SURVIVE   m11_b1_HP1_claude_a03.py
    SURVIVE   m12_b1_HP1_claude_a01.py
    SURVIVE   m13_b1_HP1_deepseek_a02.py
    SURVIVE   m14_b1_HP1_deepseek_a01.py
    SURVIVE   m15_b1_HP1_deepseek_a03.py
    SURVIVE   m16_b1_HP1_gpt_a01.py
    SURVIVE   m17_b1_HP1_gpt_a02.py
    SURVIVE   m18_b1_HP1_gpt_a03.py
    SURVIVE   m19_b1_OS1_claude_a02.py
    SURVIVE   m20_b1_OS1_claude_a03.py
    SURVIVE   m21_b1_OS1_claude_a01.py
    SURVIVE   m22_b1_OS1_deepseek_a02.py
    SURVIVE   m23_b1_OS1_deepseek_a03.py
    SURVIVE   m24_b1_OS1_deepseek_a01.py
    SURVIVE   m25_b1_OS1_gpt_a02.py
    SURVIVE   m26_b1_OS1_gpt_a03.py
    SURVIVE   m27_b1_OS1_gpt_a01.py

Cell: B1_MP5  inst=27  equiv=0  killed=0  survive=27  SMS=0.0000
    SURVIVE   m01_b1_CE1_claude_a02.py
    SURVIVE   m02_b1_CE1_claude_a01.py
    SURVIVE   m03_b1_CE1_claude_a03.py
    SURVIVE   m04_b1_CE1_deepseek_a03.py
    SURVIVE   m05_b1_CE1_deepseek_a02.py
    SURVIVE   m06_b1_CE1_deepseek_a01.py
    SURVIVE   m07_b1_CE1_gpt_a02.py
    SURVIVE   m08_b1_CE1_gpt_a03.py
    SURVIVE   m09_b1_CE1_gpt_a01.py
    SURVIVE   m10_b1_HP1_claude_a02.py
    SURVIVE   m11_b1_HP1_claude_a03.py
    SURVIVE   m12_b1_HP1_claude_a01.py
    SURVIVE   m13_b1_HP1_deepseek_a02.py
    SURVIVE   m14_b1_HP1_deepseek_a01.py
    SURVIVE   m15_b1_HP1_deepseek_a03.py
    SURVIVE   m16_b1_HP1_gpt_a01.py
    SURVIVE   m17_b1_HP1_gpt_a02.py
    SURVIVE   m18_b1_HP1_gpt_a03.py
    SURVIVE   m19_b1_OS1_claude_a02.py
    SURVIVE   m20_b1_OS1_claude_a03.py
    SURVIVE   m21_b1_OS1_claude_a01.py
    SURVIVE   m22_b1_OS1_deepseek_a02.py
    SURVIVE   m23_b1_OS1_deepseek_a03.py
    SURVIVE   m24_b1_OS1_deepseek_a01.py
    SURVIVE   m25_b1_OS1_gpt_a02.py
    SURVIVE   m26_b1_OS1_gpt_a03.py
    SURVIVE   m27_b1_OS1_gpt_a01.py

Cell: A1_MP3  inst=30  equiv=0  killed=0  survive=30  SMS=0.0000
    SURVIVE   m01_a1_CE1_claude_a02.py
    SURVIVE   m02_a1_CE1_claude_a01.py
    SURVIVE   m03_a1_CE1_claude_a03.py
    SURVIVE   m04_a1_CE1_deepseek_a03.py
    SURVIVE   m05_a1_CE1_deepseek_a02.py
    SURVIVE   m06_a1_CE1_deepseek_a01.py
    SURVIVE   m07_a1_CE1_gpt_a02.py
    SURVIVE   m08_a1_CE1_gpt_a03.py
    SURVIVE   m09_a1_CE1_gpt_a01.py
    SURVIVE   m10_a1_HP1_claude_a02.py
    SURVIVE   m11_a1_HP1_claude_a03.py
    SURVIVE   m12_a1_HP1_claude_a01.py
    SURVIVE   m13_a1_HP1_deepseek_a02.py
    SURVIVE   m14_a1_HP1_deepseek_a01.py
    SURVIVE   m15_a1_HP1_deepseek_a03.py
    SURVIVE   m16_a1_HP1_gpt_a01.py
    SURVIVE   m17_a1_HP1_gpt_a02.py
    SURVIVE   m18_a1_HP1_gpt_a03.py
    SURVIVE   m19_a1_OS1_claude_a02.py
    SURVIVE   m20_a1_OS1_claude_a03.py
    SURVIVE   m21_a1_OS1_deepseek_a02.py
    SURVIVE   m22_a1_OS1_deepseek_a03.py
    SURVIVE   m23_a1_OS1_gpt_a02.py
    SURVIVE   m24_a1_OS1_gpt_a03.py
    SURVIVE   m25_a1_SI1_claude_a02.py
    SURVIVE   m26_a1_SI1_claude_a01.py
    SURVIVE   m27_a1_SI1_deepseek_a01.py
    SURVIVE   m28_a1_SI1_deepseek_a02.py
    SURVIVE   m29_a1_SI1_gpt_a03.py
    SURVIVE   m30_a1_SI1_gpt_a02.py

Cell: A1_MP4  inst=30  equiv=0  killed=0  survive=30  SMS=0.0000
    SURVIVE   m01_a1_CE1_claude_a02.py
    SURVIVE   m02_a1_CE1_claude_a01.py
    SURVIVE   m03_a1_CE1_claude_a03.py
    SURVIVE   m04_a1_CE1_deepseek_a03.py
    SURVIVE   m05_a1_CE1_deepseek_a02.py
    SURVIVE   m06_a1_CE1_deepseek_a01.py
    SURVIVE   m07_a1_CE1_gpt_a02.py
    SURVIVE   m08_a1_CE1_gpt_a03.py
    SURVIVE   m09_a1_CE1_gpt_a01.py
    SURVIVE   m10_a1_HP1_claude_a02.py
    SURVIVE   m11_a1_HP1_claude_a03.py
    SURVIVE   m12_a1_HP1_claude_a01.py
    SURVIVE   m13_a1_HP1_deepseek_a02.py
    SURVIVE   m14_a1_HP1_deepseek_a01.py
    SURVIVE   m15_a1_HP1_deepseek_a03.py
    SURVIVE   m16_a1_HP1_gpt_a01.py
    SURVIVE   m17_a1_HP1_gpt_a02.py
    SURVIVE   m18_a1_HP1_gpt_a03.py
    SURVIVE   m19_a1_OS1_claude_a02.py
    SURVIVE   m20_a1_OS1_claude_a03.py
    SURVIVE   m21_a1_OS1_deepseek_a02.py
    SURVIVE   m22_a1_OS1_deepseek_a03.py
    SURVIVE   m23_a1_OS1_gpt_a02.py
    SURVIVE   m24_a1_OS1_gpt_a03.py
    SURVIVE   m25_a1_SI1_claude_a02.py
    SURVIVE   m26_a1_SI1_claude_a01.py
    SURVIVE   m27_a1_SI1_deepseek_a01.py
    SURVIVE   m28_a1_SI1_deepseek_a02.py
    SURVIVE   m29_a1_SI1_gpt_a03.py
    SURVIVE   m30_a1_SI1_gpt_a02.py

Cell: B2_MP3  inst=27  equiv=0  killed=0  survive=27  SMS=0.0000
    SURVIVE   m01_b2_CE1_claude_a02.py
    SURVIVE   m02_b2_CE1_claude_a01.py
    SURVIVE   m03_b2_CE1_claude_a03.py
    SURVIVE   m04_b2_CE1_deepseek_a03.py
    SURVIVE   m05_b2_CE1_deepseek_a02.py
    SURVIVE   m06_b2_CE1_deepseek_a01.py
    SURVIVE   m07_b2_CE1_gpt_a02.py
    SURVIVE   m08_b2_CE1_gpt_a03.py
    SURVIVE   m09_b2_CE1_gpt_a01.py
    SURVIVE   m10_b2_CF1_claude_a02.py
    SURVIVE   m11_b2_CF1_claude_a03.py
    SURVIVE   m12_b2_CF1_claude_a01.py
    SURVIVE   m13_b2_CF1_deepseek_a02.py
    SURVIVE   m14_b2_CF1_deepseek_a01.py
    SURVIVE   m15_b2_CF1_deepseek_a03.py
    SURVIVE   m16_b2_CF1_gpt_a01.py
    SURVIVE   m17_b2_CF1_gpt_a02.py
    SURVIVE   m18_b2_CF1_gpt_a03.py
    SURVIVE   m19_b2_HP1_claude_a02.py
    SURVIVE   m20_b2_HP1_claude_a03.py
    SURVIVE   m21_b2_HP1_claude_a01.py
    SURVIVE   m22_b2_HP1_deepseek_a02.py
    SURVIVE   m23_b2_HP1_deepseek_a03.py
    SURVIVE   m24_b2_HP1_deepseek_a01.py
    SURVIVE   m25_b2_HP1_gpt_a02.py
    SURVIVE   m26_b2_HP1_gpt_a03.py
    SURVIVE   m27_b2_HP1_gpt_a01.py

Cell: B2_MP4  inst=27  equiv=0  killed=0  survive=27  SMS=0.0000
    SURVIVE   m01_b2_CE1_claude_a02.py
    SURVIVE   m02_b2_CE1_claude_a01.py
    SURVIVE   m03_b2_CE1_claude_a03.py
    SURVIVE   m04_b2_CE1_deepseek_a03.py
    SURVIVE   m05_b2_CE1_deepseek_a02.py
    SURVIVE   m06_b2_CE1_deepseek_a01.py
    SURVIVE   m07_b2_CE1_gpt_a02.py
    SURVIVE   m08_b2_CE1_gpt_a03.py
    SURVIVE   m09_b2_CE1_gpt_a01.py
    SURVIVE   m10_b2_CF1_claude_a02.py
    SURVIVE   m11_b2_CF1_claude_a03.py
    SURVIVE   m12_b2_CF1_claude_a01.py
    SURVIVE   m13_b2_CF1_deepseek_a02.py
    SURVIVE   m14_b2_CF1_deepseek_a01.py
    SURVIVE   m15_b2_CF1_deepseek_a03.py
    SURVIVE   m16_b2_CF1_gpt_a01.py
    SURVIVE   m17_b2_CF1_gpt_a02.py
    SURVIVE   m18_b2_CF1_gpt_a03.py
    SURVIVE   m19_b2_HP1_claude_a02.py
    SURVIVE   m20_b2_HP1_claude_a03.py
    SURVIVE   m21_b2_HP1_claude_a01.py
    SURVIVE   m22_b2_HP1_deepseek_a02.py
    SURVIVE   m23_b2_HP1_deepseek_a03.py
    SURVIVE   m24_b2_HP1_deepseek_a01.py
    SURVIVE   m25_b2_HP1_gpt_a02.py
    SURVIVE   m26_b2_HP1_gpt_a03.py
    SURVIVE   m27_b2_HP1_gpt_a01.py

Cell: B2_MP1  inst=27  equiv=0  killed=9  survive=18  SMS=0.3333
    SURVIVE   m01_b2_CE1_claude_a02.py
    SURVIVE   m02_b2_CE1_claude_a01.py
    SURVIVE   m03_b2_CE1_claude_a03.py
    SURVIVE   m04_b2_CE1_deepseek_a03.py
    SURVIVE   m05_b2_CE1_deepseek_a02.py
    SURVIVE   m06_b2_CE1_deepseek_a01.py
    SURVIVE   m07_b2_CE1_gpt_a02.py
    SURVIVE   m08_b2_CE1_gpt_a03.py
    SURVIVE   m09_b2_CE1_gpt_a01.py
    KILLED    m10_b2_CF1_claude_a02.py
    KILLED    m11_b2_CF1_claude_a03.py
    KILLED    m12_b2_CF1_claude_a01.py
    KILLED    m13_b2_CF1_deepseek_a02.py
    KILLED    m14_b2_CF1_deepseek_a01.py
    KILLED    m15_b2_CF1_deepseek_a03.py
    KILLED    m16_b2_CF1_gpt_a01.py
    KILLED    m17_b2_CF1_gpt_a02.py
    KILLED    m18_b2_CF1_gpt_a03.py
    SURVIVE   m19_b2_HP1_claude_a02.py
    SURVIVE   m20_b2_HP1_claude_a03.py
    SURVIVE   m21_b2_HP1_claude_a01.py
    SURVIVE   m22_b2_HP1_deepseek_a02.py
    SURVIVE   m23_b2_HP1_deepseek_a03.py
    SURVIVE   m24_b2_HP1_deepseek_a01.py
    SURVIVE   m25_b2_HP1_gpt_a02.py
    SURVIVE   m26_b2_HP1_gpt_a03.py
    SURVIVE   m27_b2_HP1_gpt_a01.py

Cell: B3_MP1  inst=20  equiv=0  killed=11  survive=9  SMS=0.5500
    SURVIVE   m01_b3_CE1_claude_a02.py
    SURVIVE   m02_b3_CE1_claude_a01.py
    SURVIVE   m03_b3_CE1_claude_a03.py
    SURVIVE   m04_b3_CE1_deepseek_a03.py
    SURVIVE   m05_b3_CE1_deepseek_a02.py
    SURVIVE   m06_b3_CE1_deepseek_a01.py
    SURVIVE   m07_b3_CE1_gpt_a02.py
    SURVIVE   m08_b3_CE1_gpt_a03.py
    SURVIVE   m09_b3_CE1_gpt_a01.py
    KILLED    m10_b3_OS1_claude_a02.py
    KILLED    m11_b3_OS1_claude_a03.py
    KILLED    m12_b3_OS1_claude_a01.py
    KILLED    m13_b3_OS1_deepseek_a02.py
    KILLED    m14_b3_OS1_deepseek_a01.py
    KILLED    m15_b3_OS1_deepseek_a03.py
    KILLED    m16_b3_OS1_gpt_a01.py
    KILLED    m17_b3_OS1_gpt_a02.py
    KILLED    m18_b3_OS1_gpt_a03.py
    KILLED    m19_b3_SI1_claude_a03.py
    KILLED    m20_b3_SI1_claude_a02.py

Cell: B3_MP2  inst=20  equiv=0  killed=0  survive=20  SMS=0.0000
    SURVIVE   m01_b3_CE1_claude_a02.py
    SURVIVE   m02_b3_CE1_claude_a01.py
    SURVIVE   m03_b3_CE1_claude_a03.py
    SURVIVE   m04_b3_CE1_deepseek_a03.py
    SURVIVE   m05_b3_CE1_deepseek_a02.py
    SURVIVE   m06_b3_CE1_deepseek_a01.py
    SURVIVE   m07_b3_CE1_gpt_a02.py
    SURVIVE   m08_b3_CE1_gpt_a03.py
    SURVIVE   m09_b3_CE1_gpt_a01.py
    SURVIVE   m10_b3_OS1_claude_a02.py
    SURVIVE   m11_b3_OS1_claude_a03.py
    SURVIVE   m12_b3_OS1_claude_a01.py
    SURVIVE   m13_b3_OS1_deepseek_a02.py
    SURVIVE   m14_b3_OS1_deepseek_a01.py
    SURVIVE   m15_b3_OS1_deepseek_a03.py
    SURVIVE   m16_b3_OS1_gpt_a01.py
    SURVIVE   m17_b3_OS1_gpt_a02.py
    SURVIVE   m18_b3_OS1_gpt_a03.py
    SURVIVE   m19_b3_SI1_claude_a03.py
    SURVIVE   m20_b3_SI1_claude_a02.py

Cell: B3_MP3  inst=20  equiv=0  killed=0  survive=20  SMS=0.0000
    SURVIVE   m01_b3_CE1_claude_a02.py
    SURVIVE   m02_b3_CE1_claude_a01.py
    SURVIVE   m03_b3_CE1_claude_a03.py
    SURVIVE   m04_b3_CE1_deepseek_a03.py
    SURVIVE   m05_b3_CE1_deepseek_a02.py
    SURVIVE   m06_b3_CE1_deepseek_a01.py
    SURVIVE   m07_b3_CE1_gpt_a02.py
    SURVIVE   m08_b3_CE1_gpt_a03.py
    SURVIVE   m09_b3_CE1_gpt_a01.py
    SURVIVE   m10_b3_OS1_claude_a02.py
    SURVIVE   m11_b3_OS1_claude_a03.py
    SURVIVE   m12_b3_OS1_claude_a01.py
    SURVIVE   m13_b3_OS1_deepseek_a02.py
    SURVIVE   m14_b3_OS1_deepseek_a01.py
    SURVIVE   m15_b3_OS1_deepseek_a03.py
    SURVIVE   m16_b3_OS1_gpt_a01.py
    SURVIVE   m17_b3_OS1_gpt_a02.py
    SURVIVE   m18_b3_OS1_gpt_a03.py
    SURVIVE   m19_b3_SI1_claude_a03.py
    SURVIVE   m20_b3_SI1_claude_a02.py

Cell: B3_MP4  inst=20  equiv=0  killed=0  survive=20  SMS=0.0000
    SURVIVE   m01_b3_CE1_claude_a02.py
    SURVIVE   m02_b3_CE1_claude_a01.py
    SURVIVE   m03_b3_CE1_claude_a03.py
    SURVIVE   m04_b3_CE1_deepseek_a03.py
    SURVIVE   m05_b3_CE1_deepseek_a02.py
    SURVIVE   m06_b3_CE1_deepseek_a01.py
    SURVIVE   m07_b3_CE1_gpt_a02.py
    SURVIVE   m08_b3_CE1_gpt_a03.py
    SURVIVE   m09_b3_CE1_gpt_a01.py
    SURVIVE   m10_b3_OS1_claude_a02.py
    SURVIVE   m11_b3_OS1_claude_a03.py
    SURVIVE   m12_b3_OS1_claude_a01.py
    SURVIVE   m13_b3_OS1_deepseek_a02.py
    SURVIVE   m14_b3_OS1_deepseek_a01.py
    SURVIVE   m15_b3_OS1_deepseek_a03.py
    SURVIVE   m16_b3_OS1_gpt_a01.py
    SURVIVE   m17_b3_OS1_gpt_a02.py
    SURVIVE   m18_b3_OS1_gpt_a03.py
    SURVIVE   m19_b3_SI1_claude_a03.py
    SURVIVE   m20_b3_SI1_claude_a02.py

Cell: B3_MP5  inst=20  equiv=0  killed=0  survive=20  SMS=0.0000
    SURVIVE   m01_b3_CE1_claude_a02.py
    SURVIVE   m02_b3_CE1_claude_a01.py
    SURVIVE   m03_b3_CE1_claude_a03.py
    SURVIVE   m04_b3_CE1_deepseek_a03.py
    SURVIVE   m05_b3_CE1_deepseek_a02.py
    SURVIVE   m06_b3_CE1_deepseek_a01.py
    SURVIVE   m07_b3_CE1_gpt_a02.py
    SURVIVE   m08_b3_CE1_gpt_a03.py
    SURVIVE   m09_b3_CE1_gpt_a01.py
    SURVIVE   m10_b3_OS1_claude_a02.py
    SURVIVE   m11_b3_OS1_claude_a03.py
    SURVIVE   m12_b3_OS1_claude_a01.py
    SURVIVE   m13_b3_OS1_deepseek_a02.py
    SURVIVE   m14_b3_OS1_deepseek_a01.py
    SURVIVE   m15_b3_OS1_deepseek_a03.py
    SURVIVE   m16_b3_OS1_gpt_a01.py
    SURVIVE   m17_b3_OS1_gpt_a02.py
    SURVIVE   m18_b3_OS1_gpt_a03.py
    SURVIVE   m19_b3_SI1_claude_a03.py
    SURVIVE   m20_b3_SI1_claude_a02.py

Cell: C1_MP1  inst=10  equiv=0  killed=2  survive=8  SMS=0.2000
    SURVIVE   m01_c1_CE1_claude_a03.py
    SURVIVE   m02_c1_TF1_claude_a02.py
    SURVIVE   m03_c1_TF1_claude_a01.py
    SURVIVE   m04_c1_TF1_claude_a03.py
    SURVIVE   m05_c1_TF1_deepseek_a03.py
    KILLED    m06_c1_TF1_deepseek_a02.py
    KILLED    m07_c1_TF1_deepseek_a01.py
    SURVIVE   m08_c1_TF1_gpt_a02.py
    SURVIVE   m09_c1_TF1_gpt_a03.py
    SURVIVE   m10_c1_TF1_gpt_a01.py

Cell: C1_MP2  inst=10  equiv=0  killed=2  survive=8  SMS=0.2000
    SURVIVE   m01_c1_CE1_claude_a03.py
    SURVIVE   m02_c1_TF1_claude_a02.py
    SURVIVE   m03_c1_TF1_claude_a01.py
    SURVIVE   m04_c1_TF1_claude_a03.py
    SURVIVE   m05_c1_TF1_deepseek_a03.py
    KILLED    m06_c1_TF1_deepseek_a02.py
    KILLED    m07_c1_TF1_deepseek_a01.py
    SURVIVE   m08_c1_TF1_gpt_a02.py
    SURVIVE   m09_c1_TF1_gpt_a03.py
    SURVIVE   m10_c1_TF1_gpt_a01.py

Cell: C1_MP3  inst=10  equiv=0  killed=0  survive=10  SMS=0.0000
    SURVIVE   m01_c1_CE1_claude_a03.py
    SURVIVE   m02_c1_TF1_claude_a02.py
    SURVIVE   m03_c1_TF1_claude_a01.py
    SURVIVE   m04_c1_TF1_claude_a03.py
    SURVIVE   m05_c1_TF1_deepseek_a03.py
    SURVIVE   m06_c1_TF1_deepseek_a02.py
    SURVIVE   m07_c1_TF1_deepseek_a01.py
    SURVIVE   m08_c1_TF1_gpt_a02.py
    SURVIVE   m09_c1_TF1_gpt_a03.py
    SURVIVE   m10_c1_TF1_gpt_a01.py

Cell: C1_MP4  inst=10  equiv=0  killed=0  survive=10  SMS=0.0000
    SURVIVE   m01_c1_CE1_claude_a03.py
    SURVIVE   m02_c1_TF1_claude_a02.py
    SURVIVE   m03_c1_TF1_claude_a01.py
    SURVIVE   m04_c1_TF1_claude_a03.py
    SURVIVE   m05_c1_TF1_deepseek_a03.py
    SURVIVE   m06_c1_TF1_deepseek_a02.py
    SURVIVE   m07_c1_TF1_deepseek_a01.py
    SURVIVE   m08_c1_TF1_gpt_a02.py
    SURVIVE   m09_c1_TF1_gpt_a03.py
    SURVIVE   m10_c1_TF1_gpt_a01.py

Cell: C1_MP5  inst=10  equiv=0  killed=2  survive=8  SMS=0.2000
    SURVIVE   m01_c1_CE1_claude_a03.py
    SURVIVE   m02_c1_TF1_claude_a02.py
    SURVIVE   m03_c1_TF1_claude_a01.py
    SURVIVE   m04_c1_TF1_claude_a03.py
    SURVIVE   m05_c1_TF1_deepseek_a03.py
    KILLED    m06_c1_TF1_deepseek_a02.py
    KILLED    m07_c1_TF1_deepseek_a01.py
    SURVIVE   m08_c1_TF1_gpt_a02.py
    SURVIVE   m09_c1_TF1_gpt_a03.py
    SURVIVE   m10_c1_TF1_gpt_a01.py

Cell: C2_MP1  inst=27  equiv=0  killed=0  survive=27  SMS=0.0000
    SURVIVE   m01_c2_HP1_claude_a02.py
    SURVIVE   m02_c2_HP1_claude_a01.py
    SURVIVE   m03_c2_HP1_claude_a03.py
    SURVIVE   m04_c2_HP1_deepseek_a03.py
    SURVIVE   m05_c2_HP1_deepseek_a02.py
    SURVIVE   m06_c2_HP1_deepseek_a01.py
    SURVIVE   m07_c2_HP1_gpt_a02.py
    SURVIVE   m08_c2_HP1_gpt_a03.py
    SURVIVE   m09_c2_HP1_gpt_a01.py
    SURVIVE   m10_c2_OS1_claude_a02.py
    SURVIVE   m11_c2_OS1_claude_a03.py
    SURVIVE   m12_c2_OS1_claude_a01.py
    SURVIVE   m13_c2_OS1_deepseek_a02.py
    SURVIVE   m14_c2_OS1_deepseek_a01.py
    SURVIVE   m15_c2_OS1_deepseek_a03.py
    SURVIVE   m16_c2_OS1_gpt_a01.py
    SURVIVE   m17_c2_OS1_gpt_a02.py
    SURVIVE   m18_c2_OS1_gpt_a03.py
    SURVIVE   m19_c2_TF1_claude_a02.py
    SURVIVE   m20_c2_TF1_claude_a03.py
    SURVIVE   m21_c2_TF1_claude_a01.py
    SURVIVE   m22_c2_TF1_deepseek_a02.py
    SURVIVE   m23_c2_TF1_deepseek_a03.py
    SURVIVE   m24_c2_TF1_deepseek_a01.py
    SURVIVE   m25_c2_TF1_gpt_a02.py
    SURVIVE   m26_c2_TF1_gpt_a03.py
    SURVIVE   m27_c2_TF1_gpt_a01.py

Cell: A1_MP1  inst=30  equiv=0  killed=0  survive=30  SMS=0.0000
    SURVIVE   m01_a1_CE1_claude_a02.py
    SURVIVE   m02_a1_CE1_claude_a01.py
    SURVIVE   m03_a1_CE1_claude_a03.py
    SURVIVE   m04_a1_CE1_deepseek_a03.py
    SURVIVE   m05_a1_CE1_deepseek_a02.py
    SURVIVE   m06_a1_CE1_deepseek_a01.py
    SURVIVE   m07_a1_CE1_gpt_a02.py
    SURVIVE   m08_a1_CE1_gpt_a03.py
    SURVIVE   m09_a1_CE1_gpt_a01.py
    SURVIVE   m10_a1_HP1_claude_a02.py
    SURVIVE   m11_a1_HP1_claude_a03.py
    SURVIVE   m12_a1_HP1_claude_a01.py
    SURVIVE   m13_a1_HP1_deepseek_a02.py
    SURVIVE   m14_a1_HP1_deepseek_a01.py
    SURVIVE   m15_a1_HP1_deepseek_a03.py
    SURVIVE   m16_a1_HP1_gpt_a01.py
    SURVIVE   m17_a1_HP1_gpt_a02.py
    SURVIVE   m18_a1_HP1_gpt_a03.py
    SURVIVE   m19_a1_OS1_claude_a02.py
    SURVIVE   m20_a1_OS1_claude_a03.py
    SURVIVE   m21_a1_OS1_deepseek_a02.py
    SURVIVE   m22_a1_OS1_deepseek_a03.py
    SURVIVE   m23_a1_OS1_gpt_a02.py
    SURVIVE   m24_a1_OS1_gpt_a03.py
    SURVIVE   m25_a1_SI1_claude_a02.py
    SURVIVE   m26_a1_SI1_claude_a01.py
    SURVIVE   m27_a1_SI1_deepseek_a01.py
    SURVIVE   m28_a1_SI1_deepseek_a02.py
    SURVIVE   m29_a1_SI1_gpt_a03.py
    SURVIVE   m30_a1_SI1_gpt_a02.py

Cell: C2_MP3  inst=27  equiv=0  killed=0  survive=27  SMS=0.0000
    SURVIVE   m01_c2_HP1_claude_a02.py
    SURVIVE   m02_c2_HP1_claude_a01.py
    SURVIVE   m03_c2_HP1_claude_a03.py
    SURVIVE   m04_c2_HP1_deepseek_a03.py
    SURVIVE   m05_c2_HP1_deepseek_a02.py
    SURVIVE   m06_c2_HP1_deepseek_a01.py
    SURVIVE   m07_c2_HP1_gpt_a02.py
    SURVIVE   m08_c2_HP1_gpt_a03.py
    SURVIVE   m09_c2_HP1_gpt_a01.py
    SURVIVE   m10_c2_OS1_claude_a02.py
    SURVIVE   m11_c2_OS1_claude_a03.py
    SURVIVE   m12_c2_OS1_claude_a01.py
    SURVIVE   m13_c2_OS1_deepseek_a02.py
    SURVIVE   m14_c2_OS1_deepseek_a01.py
    SURVIVE   m15_c2_OS1_deepseek_a03.py
    SURVIVE   m16_c2_OS1_gpt_a01.py
    SURVIVE   m17_c2_OS1_gpt_a02.py
    SURVIVE   m18_c2_OS1_gpt_a03.py
    SURVIVE   m19_c2_TF1_claude_a02.py
    SURVIVE   m20_c2_TF1_claude_a03.py
    SURVIVE   m21_c2_TF1_claude_a01.py
    SURVIVE   m22_c2_TF1_deepseek_a02.py
    SURVIVE   m23_c2_TF1_deepseek_a03.py
    SURVIVE   m24_c2_TF1_deepseek_a01.py
    SURVIVE   m25_c2_TF1_gpt_a02.py
    SURVIVE   m26_c2_TF1_gpt_a03.py
    SURVIVE   m27_c2_TF1_gpt_a01.py

Cell: A1_MP2  inst=30  equiv=0  killed=0  survive=30  SMS=0.0000
    SURVIVE   m01_a1_CE1_claude_a02.py
    SURVIVE   m02_a1_CE1_claude_a01.py
    SURVIVE   m03_a1_CE1_claude_a03.py
    SURVIVE   m04_a1_CE1_deepseek_a03.py
    SURVIVE   m05_a1_CE1_deepseek_a02.py
    SURVIVE   m06_a1_CE1_deepseek_a01.py
    SURVIVE   m07_a1_CE1_gpt_a02.py
    SURVIVE   m08_a1_CE1_gpt_a03.py
    SURVIVE   m09_a1_CE1_gpt_a01.py
    SURVIVE   m10_a1_HP1_claude_a02.py
    SURVIVE   m11_a1_HP1_claude_a03.py
    SURVIVE   m12_a1_HP1_claude_a01.py
    SURVIVE   m13_a1_HP1_deepseek_a02.py
    SURVIVE   m14_a1_HP1_deepseek_a01.py
    SURVIVE   m15_a1_HP1_deepseek_a03.py
    SURVIVE   m16_a1_HP1_gpt_a01.py
    SURVIVE   m17_a1_HP1_gpt_a02.py
    SURVIVE   m18_a1_HP1_gpt_a03.py
    SURVIVE   m19_a1_OS1_claude_a02.py
    SURVIVE   m20_a1_OS1_claude_a03.py
    SURVIVE   m21_a1_OS1_deepseek_a02.py
    SURVIVE   m22_a1_OS1_deepseek_a03.py
    SURVIVE   m23_a1_OS1_gpt_a02.py
    SURVIVE   m24_a1_OS1_gpt_a03.py
    SURVIVE   m25_a1_SI1_claude_a02.py
    SURVIVE   m26_a1_SI1_claude_a01.py
    SURVIVE   m27_a1_SI1_deepseek_a01.py
    SURVIVE   m28_a1_SI1_deepseek_a02.py
    SURVIVE   m29_a1_SI1_gpt_a03.py
    SURVIVE   m30_a1_SI1_gpt_a02.py

Cell: C2_MP4  inst=27  equiv=0  killed=0  survive=27  SMS=0.0000
    SURVIVE   m01_c2_HP1_claude_a02.py
    SURVIVE   m02_c2_HP1_claude_a01.py
    SURVIVE   m03_c2_HP1_claude_a03.py
    SURVIVE   m04_c2_HP1_deepseek_a03.py
    SURVIVE   m05_c2_HP1_deepseek_a02.py
    SURVIVE   m06_c2_HP1_deepseek_a01.py
    SURVIVE   m07_c2_HP1_gpt_a02.py
    SURVIVE   m08_c2_HP1_gpt_a03.py
    SURVIVE   m09_c2_HP1_gpt_a01.py
    SURVIVE   m10_c2_OS1_claude_a02.py
    SURVIVE   m11_c2_OS1_claude_a03.py
    SURVIVE   m12_c2_OS1_claude_a01.py
    SURVIVE   m13_c2_OS1_deepseek_a02.py
    SURVIVE   m14_c2_OS1_deepseek_a01.py
    SURVIVE   m15_c2_OS1_deepseek_a03.py
    SURVIVE   m16_c2_OS1_gpt_a01.py
    SURVIVE   m17_c2_OS1_gpt_a02.py
    SURVIVE   m18_c2_OS1_gpt_a03.py
    SURVIVE   m19_c2_TF1_claude_a02.py
    SURVIVE   m20_c2_TF1_claude_a03.py
    SURVIVE   m21_c2_TF1_claude_a01.py
    SURVIVE   m22_c2_TF1_deepseek_a02.py
    SURVIVE   m23_c2_TF1_deepseek_a03.py
    SURVIVE   m24_c2_TF1_deepseek_a01.py
    SURVIVE   m25_c2_TF1_gpt_a02.py
    SURVIVE   m26_c2_TF1_gpt_a03.py
    SURVIVE   m27_c2_TF1_gpt_a01.py

Cell: C3_MP1  inst=27  equiv=0  killed=20  survive=7  SMS=0.7407
    KILLED    m01_c3_CE1_claude_a02.py
    KILLED    m02_c3_CE1_claude_a01.py
    KILLED    m03_c3_CE1_claude_a03.py
    KILLED    m04_c3_CE1_deepseek_a03.py
    KILLED    m05_c3_CE1_deepseek_a02.py
    KILLED    m06_c3_CE1_deepseek_a01.py
    KILLED    m07_c3_CE1_gpt_a02.py
    KILLED    m08_c3_CE1_gpt_a03.py
    KILLED    m09_c3_CE1_gpt_a01.py
    KILLED    m10_c3_HP1_claude_a02.py
    KILLED    m11_c3_HP1_claude_a03.py
    SURVIVE   m12_c3_HP1_claude_a01.py
    SURVIVE   m13_c3_HP1_deepseek_a02.py
    SURVIVE   m14_c3_HP1_deepseek_a01.py
    SURVIVE   m15_c3_HP1_deepseek_a03.py
    SURVIVE   m16_c3_HP1_gpt_a01.py
    SURVIVE   m17_c3_HP1_gpt_a02.py
    SURVIVE   m18_c3_HP1_gpt_a03.py
    KILLED    m19_c3_TF1_claude_a02.py
    KILLED    m20_c3_TF1_claude_a03.py
    KILLED    m21_c3_TF1_claude_a01.py
    KILLED    m22_c3_TF1_deepseek_a02.py
    KILLED    m23_c3_TF1_deepseek_a03.py
    KILLED    m24_c3_TF1_deepseek_a01.py
    KILLED    m25_c3_TF1_gpt_a02.py
    KILLED    m26_c3_TF1_gpt_a03.py
    KILLED    m27_c3_TF1_gpt_a01.py

Cell: C2_MP2  inst=27  equiv=0  killed=0  survive=27  SMS=0.0000
    SURVIVE   m01_c2_HP1_claude_a02.py
    SURVIVE   m02_c2_HP1_claude_a01.py
    SURVIVE   m03_c2_HP1_claude_a03.py
    SURVIVE   m04_c2_HP1_deepseek_a03.py
    SURVIVE   m05_c2_HP1_deepseek_a02.py
    SURVIVE   m06_c2_HP1_deepseek_a01.py
    SURVIVE   m07_c2_HP1_gpt_a02.py
    SURVIVE   m08_c2_HP1_gpt_a03.py
    SURVIVE   m09_c2_HP1_gpt_a01.py
    SURVIVE   m10_c2_OS1_claude_a02.py
    SURVIVE   m11_c2_OS1_claude_a03.py
    SURVIVE   m12_c2_OS1_claude_a01.py
    SURVIVE   m13_c2_OS1_deepseek_a02.py
    SURVIVE   m14_c2_OS1_deepseek_a01.py
    SURVIVE   m15_c2_OS1_deepseek_a03.py
    SURVIVE   m16_c2_OS1_gpt_a01.py
    SURVIVE   m17_c2_OS1_gpt_a02.py
    SURVIVE   m18_c2_OS1_gpt_a03.py
    SURVIVE   m19_c2_TF1_claude_a02.py
    SURVIVE   m20_c2_TF1_claude_a03.py
    SURVIVE   m21_c2_TF1_claude_a01.py
    SURVIVE   m22_c2_TF1_deepseek_a02.py
    SURVIVE   m23_c2_TF1_deepseek_a03.py
    SURVIVE   m24_c2_TF1_deepseek_a01.py
    SURVIVE   m25_c2_TF1_gpt_a02.py
    SURVIVE   m26_c2_TF1_gpt_a03.py
    SURVIVE   m27_c2_TF1_gpt_a01.py

Cell: C3_MP3  inst=27  equiv=0  killed=0  survive=27  SMS=0.0000
    SURVIVE   m01_c3_CE1_claude_a02.py
    SURVIVE   m02_c3_CE1_claude_a01.py
    SURVIVE   m03_c3_CE1_claude_a03.py
    SURVIVE   m04_c3_CE1_deepseek_a03.py
    SURVIVE   m05_c3_CE1_deepseek_a02.py
    SURVIVE   m06_c3_CE1_deepseek_a01.py
    SURVIVE   m07_c3_CE1_gpt_a02.py
    SURVIVE   m08_c3_CE1_gpt_a03.py
    SURVIVE   m09_c3_CE1_gpt_a01.py
    SURVIVE   m10_c3_HP1_claude_a02.py
    SURVIVE   m11_c3_HP1_claude_a03.py
    SURVIVE   m12_c3_HP1_claude_a01.py
    SURVIVE   m13_c3_HP1_deepseek_a02.py
    SURVIVE   m14_c3_HP1_deepseek_a01.py
    SURVIVE   m15_c3_HP1_deepseek_a03.py
    SURVIVE   m16_c3_HP1_gpt_a01.py
    SURVIVE   m17_c3_HP1_gpt_a02.py
    SURVIVE   m18_c3_HP1_gpt_a03.py
    SURVIVE   m19_c3_TF1_claude_a02.py
    SURVIVE   m20_c3_TF1_claude_a03.py
    SURVIVE   m21_c3_TF1_claude_a01.py
    SURVIVE   m22_c3_TF1_deepseek_a02.py
    SURVIVE   m23_c3_TF1_deepseek_a03.py
    SURVIVE   m24_c3_TF1_deepseek_a01.py
    SURVIVE   m25_c3_TF1_gpt_a02.py
    SURVIVE   m26_c3_TF1_gpt_a03.py
    SURVIVE   m27_c3_TF1_gpt_a01.py

Cell: C3_MP2  inst=27  equiv=0  killed=0  survive=27  SMS=0.0000
    SURVIVE   m01_c3_CE1_claude_a02.py
    SURVIVE   m02_c3_CE1_claude_a01.py
    SURVIVE   m03_c3_CE1_claude_a03.py
    SURVIVE   m04_c3_CE1_deepseek_a03.py
    SURVIVE   m05_c3_CE1_deepseek_a02.py
    SURVIVE   m06_c3_CE1_deepseek_a01.py
    SURVIVE   m07_c3_CE1_gpt_a02.py
    SURVIVE   m08_c3_CE1_gpt_a03.py
    SURVIVE   m09_c3_CE1_gpt_a01.py
    SURVIVE   m10_c3_HP1_claude_a02.py
    SURVIVE   m11_c3_HP1_claude_a03.py
    SURVIVE   m12_c3_HP1_claude_a01.py
    SURVIVE   m13_c3_HP1_deepseek_a02.py
    SURVIVE   m14_c3_HP1_deepseek_a01.py
    SURVIVE   m15_c3_HP1_deepseek_a03.py
    SURVIVE   m16_c3_HP1_gpt_a01.py
    SURVIVE   m17_c3_HP1_gpt_a02.py
    SURVIVE   m18_c3_HP1_gpt_a03.py
    SURVIVE   m19_c3_TF1_claude_a02.py
    SURVIVE   m20_c3_TF1_claude_a03.py
    SURVIVE   m21_c3_TF1_claude_a01.py
    SURVIVE   m22_c3_TF1_deepseek_a02.py
    SURVIVE   m23_c3_TF1_deepseek_a03.py
    SURVIVE   m24_c3_TF1_deepseek_a01.py
    SURVIVE   m25_c3_TF1_gpt_a02.py
    SURVIVE   m26_c3_TF1_gpt_a03.py
    SURVIVE   m27_c3_TF1_gpt_a01.py

Cell: C3_MP4  inst=27  equiv=0  killed=0  survive=27  SMS=0.0000
    SURVIVE   m01_c3_CE1_claude_a02.py
    SURVIVE   m02_c3_CE1_claude_a01.py
    SURVIVE   m03_c3_CE1_claude_a03.py
    SURVIVE   m04_c3_CE1_deepseek_a03.py
    SURVIVE   m05_c3_CE1_deepseek_a02.py
    SURVIVE   m06_c3_CE1_deepseek_a01.py
    SURVIVE   m07_c3_CE1_gpt_a02.py
    SURVIVE   m08_c3_CE1_gpt_a03.py
    SURVIVE   m09_c3_CE1_gpt_a01.py
    SURVIVE   m10_c3_HP1_claude_a02.py
    SURVIVE   m11_c3_HP1_claude_a03.py
    SURVIVE   m12_c3_HP1_claude_a01.py
    SURVIVE   m13_c3_HP1_deepseek_a02.py
    SURVIVE   m14_c3_HP1_deepseek_a01.py
    SURVIVE   m15_c3_HP1_deepseek_a03.py
    SURVIVE   m16_c3_HP1_gpt_a01.py
    SURVIVE   m17_c3_HP1_gpt_a02.py
    SURVIVE   m18_c3_HP1_gpt_a03.py
    SURVIVE   m19_c3_TF1_claude_a02.py
    SURVIVE   m20_c3_TF1_claude_a03.py
    SURVIVE   m21_c3_TF1_claude_a01.py
    SURVIVE   m22_c3_TF1_deepseek_a02.py
    SURVIVE   m23_c3_TF1_deepseek_a03.py
    SURVIVE   m24_c3_TF1_deepseek_a01.py
    SURVIVE   m25_c3_TF1_gpt_a02.py
    SURVIVE   m26_c3_TF1_gpt_a03.py
    SURVIVE   m27_c3_TF1_gpt_a01.py

Cell: C2_MP5  inst=27  equiv=0  killed=0  survive=27  SMS=0.0000
    SURVIVE   m01_c2_HP1_claude_a02.py
    SURVIVE   m02_c2_HP1_claude_a01.py
    SURVIVE   m03_c2_HP1_claude_a03.py
    SURVIVE   m04_c2_HP1_deepseek_a03.py
    SURVIVE   m05_c2_HP1_deepseek_a02.py
    SURVIVE   m06_c2_HP1_deepseek_a01.py
    SURVIVE   m07_c2_HP1_gpt_a02.py
    SURVIVE   m08_c2_HP1_gpt_a03.py
    SURVIVE   m09_c2_HP1_gpt_a01.py
    SURVIVE   m10_c2_OS1_claude_a02.py
    SURVIVE   m11_c2_OS1_claude_a03.py
    SURVIVE   m12_c2_OS1_claude_a01.py
    SURVIVE   m13_c2_OS1_deepseek_a02.py
    SURVIVE   m14_c2_OS1_deepseek_a01.py
    SURVIVE   m15_c2_OS1_deepseek_a03.py
    SURVIVE   m16_c2_OS1_gpt_a01.py
    SURVIVE   m17_c2_OS1_gpt_a02.py
    SURVIVE   m18_c2_OS1_gpt_a03.py
    SURVIVE   m19_c2_TF1_claude_a02.py
    SURVIVE   m20_c2_TF1_claude_a03.py
    SURVIVE   m21_c2_TF1_claude_a01.py
    SURVIVE   m22_c2_TF1_deepseek_a02.py
    SURVIVE   m23_c2_TF1_deepseek_a03.py
    SURVIVE   m24_c2_TF1_deepseek_a01.py
    SURVIVE   m25_c2_TF1_gpt_a02.py
    SURVIVE   m26_c2_TF1_gpt_a03.py
    SURVIVE   m27_c2_TF1_gpt_a01.py

Cell: C3_MP5  inst=27  equiv=0  killed=0  survive=27  SMS=0.0000
    SURVIVE   m01_c3_CE1_claude_a02.py
    SURVIVE   m02_c3_CE1_claude_a01.py
    SURVIVE   m03_c3_CE1_claude_a03.py
    SURVIVE   m04_c3_CE1_deepseek_a03.py
    SURVIVE   m05_c3_CE1_deepseek_a02.py
    SURVIVE   m06_c3_CE1_deepseek_a01.py
    SURVIVE   m07_c3_CE1_gpt_a02.py
    SURVIVE   m08_c3_CE1_gpt_a03.py
    SURVIVE   m09_c3_CE1_gpt_a01.py
    SURVIVE   m10_c3_HP1_claude_a02.py
    SURVIVE   m11_c3_HP1_claude_a03.py
    SURVIVE   m12_c3_HP1_claude_a01.py
    SURVIVE   m13_c3_HP1_deepseek_a02.py
    SURVIVE   m14_c3_HP1_deepseek_a01.py
    SURVIVE   m15_c3_HP1_deepseek_a03.py
    SURVIVE   m16_c3_HP1_gpt_a01.py
    SURVIVE   m17_c3_HP1_gpt_a02.py
    SURVIVE   m18_c3_HP1_gpt_a03.py
    SURVIVE   m19_c3_TF1_claude_a02.py
    SURVIVE   m20_c3_TF1_claude_a03.py
    SURVIVE   m21_c3_TF1_claude_a01.py
    SURVIVE   m22_c3_TF1_deepseek_a02.py
    SURVIVE   m23_c3_TF1_deepseek_a03.py
    SURVIVE   m24_c3_TF1_deepseek_a01.py
    SURVIVE   m25_c3_TF1_gpt_a02.py
    SURVIVE   m26_c3_TF1_gpt_a03.py
    SURVIVE   m27_c3_TF1_gpt_a01.py

Cell: D1_MP1  inst=27  equiv=0  killed=0  survive=27  SMS=0.0000
    SURVIVE   m01_d1_HP1_claude_a02.py
    SURVIVE   m02_d1_HP1_claude_a01.py
    SURVIVE   m03_d1_HP1_claude_a03.py
    SURVIVE   m04_d1_HP1_deepseek_a03.py
    SURVIVE   m05_d1_HP1_deepseek_a02.py
    SURVIVE   m06_d1_HP1_deepseek_a01.py
    SURVIVE   m07_d1_HP1_gpt_a02.py
    SURVIVE   m08_d1_HP1_gpt_a03.py
    SURVIVE   m09_d1_HP1_gpt_a01.py
    SURVIVE   m10_d1_SI1_claude_a02.py
    SURVIVE   m11_d1_SI1_claude_a03.py
    SURVIVE   m12_d1_SI1_claude_a01.py
    SURVIVE   m13_d1_SI1_deepseek_a02.py
    SURVIVE   m14_d1_SI1_deepseek_a01.py
    SURVIVE   m15_d1_SI1_deepseek_a03.py
    SURVIVE   m16_d1_SI1_gpt_a01.py
    SURVIVE   m17_d1_SI1_gpt_a02.py
    SURVIVE   m18_d1_SI1_gpt_a03.py
    SURVIVE   m19_d1_TF1_claude_a02.py
    SURVIVE   m20_d1_TF1_claude_a03.py
    SURVIVE   m21_d1_TF1_claude_a01.py
    SURVIVE   m22_d1_TF1_deepseek_a02.py
    SURVIVE   m23_d1_TF1_deepseek_a03.py
    SURVIVE   m24_d1_TF1_deepseek_a01.py
    SURVIVE   m25_d1_TF1_gpt_a02.py
    SURVIVE   m26_d1_TF1_gpt_a03.py
    SURVIVE   m27_d1_TF1_gpt_a01.py

Cell: D1_MP3  inst=27  equiv=0  killed=0  survive=27  SMS=0.0000
    SURVIVE   m01_d1_HP1_claude_a02.py
    SURVIVE   m02_d1_HP1_claude_a01.py
    SURVIVE   m03_d1_HP1_claude_a03.py
    SURVIVE   m04_d1_HP1_deepseek_a03.py
    SURVIVE   m05_d1_HP1_deepseek_a02.py
    SURVIVE   m06_d1_HP1_deepseek_a01.py
    SURVIVE   m07_d1_HP1_gpt_a02.py
    SURVIVE   m08_d1_HP1_gpt_a03.py
    SURVIVE   m09_d1_HP1_gpt_a01.py
    SURVIVE   m10_d1_SI1_claude_a02.py
    SURVIVE   m11_d1_SI1_claude_a03.py
    SURVIVE   m12_d1_SI1_claude_a01.py
    SURVIVE   m13_d1_SI1_deepseek_a02.py
    SURVIVE   m14_d1_SI1_deepseek_a01.py
    SURVIVE   m15_d1_SI1_deepseek_a03.py
    SURVIVE   m16_d1_SI1_gpt_a01.py
    SURVIVE   m17_d1_SI1_gpt_a02.py
    SURVIVE   m18_d1_SI1_gpt_a03.py
    SURVIVE   m19_d1_TF1_claude_a02.py
    SURVIVE   m20_d1_TF1_claude_a03.py
    SURVIVE   m21_d1_TF1_claude_a01.py
    SURVIVE   m22_d1_TF1_deepseek_a02.py
    SURVIVE   m23_d1_TF1_deepseek_a03.py
    SURVIVE   m24_d1_TF1_deepseek_a01.py
    SURVIVE   m25_d1_TF1_gpt_a02.py
    SURVIVE   m26_d1_TF1_gpt_a03.py
    SURVIVE   m27_d1_TF1_gpt_a01.py

Cell: D1_MP2  inst=27  equiv=0  killed=9  survive=18  SMS=0.3333
    SURVIVE   m01_d1_HP1_claude_a02.py
    SURVIVE   m02_d1_HP1_claude_a01.py
    SURVIVE   m03_d1_HP1_claude_a03.py
    SURVIVE   m04_d1_HP1_deepseek_a03.py
    SURVIVE   m05_d1_HP1_deepseek_a02.py
    SURVIVE   m06_d1_HP1_deepseek_a01.py
    SURVIVE   m07_d1_HP1_gpt_a02.py
    SURVIVE   m08_d1_HP1_gpt_a03.py
    SURVIVE   m09_d1_HP1_gpt_a01.py
    SURVIVE   m10_d1_SI1_claude_a02.py
    SURVIVE   m11_d1_SI1_claude_a03.py
    SURVIVE   m12_d1_SI1_claude_a01.py
    SURVIVE   m13_d1_SI1_deepseek_a02.py
    SURVIVE   m14_d1_SI1_deepseek_a01.py
    SURVIVE   m15_d1_SI1_deepseek_a03.py
    SURVIVE   m16_d1_SI1_gpt_a01.py
    SURVIVE   m17_d1_SI1_gpt_a02.py
    SURVIVE   m18_d1_SI1_gpt_a03.py
    KILLED    m19_d1_TF1_claude_a02.py
    KILLED    m20_d1_TF1_claude_a03.py
    KILLED    m21_d1_TF1_claude_a01.py
    KILLED    m22_d1_TF1_deepseek_a02.py
    KILLED    m23_d1_TF1_deepseek_a03.py
    KILLED    m24_d1_TF1_deepseek_a01.py
    KILLED    m25_d1_TF1_gpt_a02.py
    KILLED    m26_d1_TF1_gpt_a03.py
    KILLED    m27_d1_TF1_gpt_a01.py

Cell: D1_MP4  inst=27  equiv=0  killed=0  survive=27  SMS=0.0000
    SURVIVE   m01_d1_HP1_claude_a02.py
    SURVIVE   m02_d1_HP1_claude_a01.py
    SURVIVE   m03_d1_HP1_claude_a03.py
    SURVIVE   m04_d1_HP1_deepseek_a03.py
    SURVIVE   m05_d1_HP1_deepseek_a02.py
    SURVIVE   m06_d1_HP1_deepseek_a01.py
    SURVIVE   m07_d1_HP1_gpt_a02.py
    SURVIVE   m08_d1_HP1_gpt_a03.py
    SURVIVE   m09_d1_HP1_gpt_a01.py
    SURVIVE   m10_d1_SI1_claude_a02.py
    SURVIVE   m11_d1_SI1_claude_a03.py
    SURVIVE   m12_d1_SI1_claude_a01.py
    SURVIVE   m13_d1_SI1_deepseek_a02.py
    SURVIVE   m14_d1_SI1_deepseek_a01.py
    SURVIVE   m15_d1_SI1_deepseek_a03.py
    SURVIVE   m16_d1_SI1_gpt_a01.py
    SURVIVE   m17_d1_SI1_gpt_a02.py
    SURVIVE   m18_d1_SI1_gpt_a03.py
    SURVIVE   m19_d1_TF1_claude_a02.py
    SURVIVE   m20_d1_TF1_claude_a03.py
    SURVIVE   m21_d1_TF1_claude_a01.py
    SURVIVE   m22_d1_TF1_deepseek_a02.py
    SURVIVE   m23_d1_TF1_deepseek_a03.py
    SURVIVE   m24_d1_TF1_deepseek_a01.py
    SURVIVE   m25_d1_TF1_gpt_a02.py
    SURVIVE   m26_d1_TF1_gpt_a03.py
    SURVIVE   m27_d1_TF1_gpt_a01.py

Cell: D2_MP1  inst=27  equiv=0  killed=8  survive=19  SMS=0.2963
    SURVIVE   m01_d2_HP1_claude_a02.py
    SURVIVE   m02_d2_HP1_claude_a01.py
    SURVIVE   m03_d2_HP1_claude_a03.py
    SURVIVE   m04_d2_HP1_deepseek_a03.py
    SURVIVE   m05_d2_HP1_deepseek_a02.py
    SURVIVE   m06_d2_HP1_deepseek_a01.py
    SURVIVE   m07_d2_HP1_gpt_a02.py
    SURVIVE   m08_d2_HP1_gpt_a03.py
    SURVIVE   m09_d2_HP1_gpt_a01.py
    KILLED    m10_d2_OS1_claude_a02.py
    SURVIVE   m11_d2_OS1_claude_a03.py
    KILLED    m12_d2_OS1_claude_a01.py
    KILLED    m13_d2_OS1_deepseek_a02.py
    KILLED    m14_d2_OS1_deepseek_a01.py
    KILLED    m15_d2_OS1_deepseek_a03.py
    KILLED    m16_d2_OS1_gpt_a01.py
    KILLED    m17_d2_OS1_gpt_a02.py
    KILLED    m18_d2_OS1_gpt_a03.py
    SURVIVE   m19_d2_TF1_claude_a02.py
    SURVIVE   m20_d2_TF1_claude_a03.py
    SURVIVE   m21_d2_TF1_claude_a01.py
    SURVIVE   m22_d2_TF1_deepseek_a02.py
    SURVIVE   m23_d2_TF1_deepseek_a03.py
    SURVIVE   m24_d2_TF1_deepseek_a01.py
    SURVIVE   m25_d2_TF1_gpt_a02.py
    SURVIVE   m26_d2_TF1_gpt_a03.py
    SURVIVE   m27_d2_TF1_gpt_a01.py

Cell: D2_MP3  inst=27  equiv=0  killed=0  survive=27  SMS=0.0000
    SURVIVE   m01_d2_HP1_claude_a02.py
    SURVIVE   m02_d2_HP1_claude_a01.py
    SURVIVE   m03_d2_HP1_claude_a03.py
    SURVIVE   m04_d2_HP1_deepseek_a03.py
    SURVIVE   m05_d2_HP1_deepseek_a02.py
    SURVIVE   m06_d2_HP1_deepseek_a01.py
    SURVIVE   m07_d2_HP1_gpt_a02.py
    SURVIVE   m08_d2_HP1_gpt_a03.py
    SURVIVE   m09_d2_HP1_gpt_a01.py
    SURVIVE   m10_d2_OS1_claude_a02.py
    SURVIVE   m11_d2_OS1_claude_a03.py
    SURVIVE   m12_d2_OS1_claude_a01.py
    SURVIVE   m13_d2_OS1_deepseek_a02.py
    SURVIVE   m14_d2_OS1_deepseek_a01.py
    SURVIVE   m15_d2_OS1_deepseek_a03.py
    SURVIVE   m16_d2_OS1_gpt_a01.py
    SURVIVE   m17_d2_OS1_gpt_a02.py
    SURVIVE   m18_d2_OS1_gpt_a03.py
    SURVIVE   m19_d2_TF1_claude_a02.py
    SURVIVE   m20_d2_TF1_claude_a03.py
    SURVIVE   m21_d2_TF1_claude_a01.py
    SURVIVE   m22_d2_TF1_deepseek_a02.py
    SURVIVE   m23_d2_TF1_deepseek_a03.py
    SURVIVE   m24_d2_TF1_deepseek_a01.py
    SURVIVE   m25_d2_TF1_gpt_a02.py
    SURVIVE   m26_d2_TF1_gpt_a03.py
    SURVIVE   m27_d2_TF1_gpt_a01.py

Cell: D2_MP4  inst=27  equiv=0  killed=0  survive=27  SMS=0.0000
    SURVIVE   m01_d2_HP1_claude_a02.py
    SURVIVE   m02_d2_HP1_claude_a01.py
    SURVIVE   m03_d2_HP1_claude_a03.py
    SURVIVE   m04_d2_HP1_deepseek_a03.py
    SURVIVE   m05_d2_HP1_deepseek_a02.py
    SURVIVE   m06_d2_HP1_deepseek_a01.py
    SURVIVE   m07_d2_HP1_gpt_a02.py
    SURVIVE   m08_d2_HP1_gpt_a03.py
    SURVIVE   m09_d2_HP1_gpt_a01.py
    SURVIVE   m10_d2_OS1_claude_a02.py
    SURVIVE   m11_d2_OS1_claude_a03.py
    SURVIVE   m12_d2_OS1_claude_a01.py
    SURVIVE   m13_d2_OS1_deepseek_a02.py
    SURVIVE   m14_d2_OS1_deepseek_a01.py
    SURVIVE   m15_d2_OS1_deepseek_a03.py
    SURVIVE   m16_d2_OS1_gpt_a01.py
    SURVIVE   m17_d2_OS1_gpt_a02.py
    SURVIVE   m18_d2_OS1_gpt_a03.py
    SURVIVE   m19_d2_TF1_claude_a02.py
    SURVIVE   m20_d2_TF1_claude_a03.py
    SURVIVE   m21_d2_TF1_claude_a01.py
    SURVIVE   m22_d2_TF1_deepseek_a02.py
    SURVIVE   m23_d2_TF1_deepseek_a03.py
    SURVIVE   m24_d2_TF1_deepseek_a01.py
    SURVIVE   m25_d2_TF1_gpt_a02.py
    SURVIVE   m26_d2_TF1_gpt_a03.py
    SURVIVE   m27_d2_TF1_gpt_a01.py

Cell: D1_MP5  inst=27  equiv=0  killed=9  survive=18  SMS=0.3333
    SURVIVE   m01_d1_HP1_claude_a02.py
    SURVIVE   m02_d1_HP1_claude_a01.py
    SURVIVE   m03_d1_HP1_claude_a03.py
    SURVIVE   m04_d1_HP1_deepseek_a03.py
    SURVIVE   m05_d1_HP1_deepseek_a02.py
    SURVIVE   m06_d1_HP1_deepseek_a01.py
    SURVIVE   m07_d1_HP1_gpt_a02.py
    SURVIVE   m08_d1_HP1_gpt_a03.py
    SURVIVE   m09_d1_HP1_gpt_a01.py
    SURVIVE   m10_d1_SI1_claude_a02.py
    SURVIVE   m11_d1_SI1_claude_a03.py
    SURVIVE   m12_d1_SI1_claude_a01.py
    SURVIVE   m13_d1_SI1_deepseek_a02.py
    SURVIVE   m14_d1_SI1_deepseek_a01.py
    SURVIVE   m15_d1_SI1_deepseek_a03.py
    SURVIVE   m16_d1_SI1_gpt_a01.py
    SURVIVE   m17_d1_SI1_gpt_a02.py
    SURVIVE   m18_d1_SI1_gpt_a03.py
    KILLED    m19_d1_TF1_claude_a02.py
    KILLED    m20_d1_TF1_claude_a03.py
    KILLED    m21_d1_TF1_claude_a01.py
    KILLED    m22_d1_TF1_deepseek_a02.py
    KILLED    m23_d1_TF1_deepseek_a03.py
    KILLED    m24_d1_TF1_deepseek_a01.py
    KILLED    m25_d1_TF1_gpt_a02.py
    KILLED    m26_d1_TF1_gpt_a03.py
    KILLED    m27_d1_TF1_gpt_a01.py

Cell: D2_MP2  inst=27  equiv=0  killed=0  survive=27  SMS=0.0000
    SURVIVE   m01_d2_HP1_claude_a02.py
    SURVIVE   m02_d2_HP1_claude_a01.py
    SURVIVE   m03_d2_HP1_claude_a03.py
    SURVIVE   m04_d2_HP1_deepseek_a03.py
    SURVIVE   m05_d2_HP1_deepseek_a02.py
    SURVIVE   m06_d2_HP1_deepseek_a01.py
    SURVIVE   m07_d2_HP1_gpt_a02.py
    SURVIVE   m08_d2_HP1_gpt_a03.py
    SURVIVE   m09_d2_HP1_gpt_a01.py
    SURVIVE   m10_d2_OS1_claude_a02.py
    SURVIVE   m11_d2_OS1_claude_a03.py
    SURVIVE   m12_d2_OS1_claude_a01.py
    SURVIVE   m13_d2_OS1_deepseek_a02.py
    SURVIVE   m14_d2_OS1_deepseek_a01.py
    SURVIVE   m15_d2_OS1_deepseek_a03.py
    SURVIVE   m16_d2_OS1_gpt_a01.py
    SURVIVE   m17_d2_OS1_gpt_a02.py
    SURVIVE   m18_d2_OS1_gpt_a03.py
    SURVIVE   m19_d2_TF1_claude_a02.py
    SURVIVE   m20_d2_TF1_claude_a03.py
    SURVIVE   m21_d2_TF1_claude_a01.py
    SURVIVE   m22_d2_TF1_deepseek_a02.py
    SURVIVE   m23_d2_TF1_deepseek_a03.py
    SURVIVE   m24_d2_TF1_deepseek_a01.py
    SURVIVE   m25_d2_TF1_gpt_a02.py
    SURVIVE   m26_d2_TF1_gpt_a03.py
    SURVIVE   m27_d2_TF1_gpt_a01.py

Cell: D3_MP1  inst=25  equiv=0  killed=0  survive=25  SMS=0.0000
    SURVIVE   m01_d3_HP1_claude_a02.py
    SURVIVE   m02_d3_HP1_claude_a01.py
    SURVIVE   m03_d3_HP1_claude_a03.py
    SURVIVE   m04_d3_HP1_deepseek_a03.py
    SURVIVE   m05_d3_HP1_deepseek_a02.py
    SURVIVE   m06_d3_HP1_deepseek_a01.py
    SURVIVE   m07_d3_HP1_gpt_a02.py
    SURVIVE   m08_d3_HP1_gpt_a03.py
    SURVIVE   m09_d3_HP1_gpt_a01.py
    SURVIVE   m10_d3_SI1_claude_a02.py
    SURVIVE   m11_d3_SI1_claude_a01.py
    SURVIVE   m12_d3_SI1_deepseek_a02.py
    SURVIVE   m13_d3_SI1_deepseek_a01.py
    SURVIVE   m14_d3_SI1_deepseek_a03.py
    SURVIVE   m15_d3_SI1_gpt_a03.py
    SURVIVE   m16_d3_SI1_gpt_a01.py
    SURVIVE   m17_d3_TF1_claude_a01.py
    SURVIVE   m18_d3_TF1_claude_a02.py
    SURVIVE   m19_d3_TF1_claude_a03.py
    SURVIVE   m20_d3_TF1_deepseek_a02.py
    SURVIVE   m21_d3_TF1_deepseek_a03.py
    SURVIVE   m22_d3_TF1_deepseek_a01.py
    SURVIVE   m23_d3_TF1_gpt_a02.py
    SURVIVE   m24_d3_TF1_gpt_a03.py
    SURVIVE   m25_d3_TF1_gpt_a01.py

Cell: D3_MP3  inst=25  equiv=0  killed=0  survive=25  SMS=0.0000
    SURVIVE   m01_d3_HP1_claude_a02.py
    SURVIVE   m02_d3_HP1_claude_a01.py
    SURVIVE   m03_d3_HP1_claude_a03.py
    SURVIVE   m04_d3_HP1_deepseek_a03.py
    SURVIVE   m05_d3_HP1_deepseek_a02.py
    SURVIVE   m06_d3_HP1_deepseek_a01.py
    SURVIVE   m07_d3_HP1_gpt_a02.py
    SURVIVE   m08_d3_HP1_gpt_a03.py
    SURVIVE   m09_d3_HP1_gpt_a01.py
    SURVIVE   m10_d3_SI1_claude_a02.py
    SURVIVE   m11_d3_SI1_claude_a01.py
    SURVIVE   m12_d3_SI1_deepseek_a02.py
    SURVIVE   m13_d3_SI1_deepseek_a01.py
    SURVIVE   m14_d3_SI1_deepseek_a03.py
    SURVIVE   m15_d3_SI1_gpt_a03.py
    SURVIVE   m16_d3_SI1_gpt_a01.py
    SURVIVE   m17_d3_TF1_claude_a01.py
    SURVIVE   m18_d3_TF1_claude_a02.py
    SURVIVE   m19_d3_TF1_claude_a03.py
    SURVIVE   m20_d3_TF1_deepseek_a02.py
    SURVIVE   m21_d3_TF1_deepseek_a03.py
    SURVIVE   m22_d3_TF1_deepseek_a01.py
    SURVIVE   m23_d3_TF1_gpt_a02.py
    SURVIVE   m24_d3_TF1_gpt_a03.py
    SURVIVE   m25_d3_TF1_gpt_a01.py

Cell: D3_MP4  inst=25  equiv=0  killed=0  survive=25  SMS=0.0000
    SURVIVE   m01_d3_HP1_claude_a02.py
    SURVIVE   m02_d3_HP1_claude_a01.py
    SURVIVE   m03_d3_HP1_claude_a03.py
    SURVIVE   m04_d3_HP1_deepseek_a03.py
    SURVIVE   m05_d3_HP1_deepseek_a02.py
    SURVIVE   m06_d3_HP1_deepseek_a01.py
    SURVIVE   m07_d3_HP1_gpt_a02.py
    SURVIVE   m08_d3_HP1_gpt_a03.py
    SURVIVE   m09_d3_HP1_gpt_a01.py
    SURVIVE   m10_d3_SI1_claude_a02.py
    SURVIVE   m11_d3_SI1_claude_a01.py
    SURVIVE   m12_d3_SI1_deepseek_a02.py
    SURVIVE   m13_d3_SI1_deepseek_a01.py
    SURVIVE   m14_d3_SI1_deepseek_a03.py
    SURVIVE   m15_d3_SI1_gpt_a03.py
    SURVIVE   m16_d3_SI1_gpt_a01.py
    SURVIVE   m17_d3_TF1_claude_a01.py
    SURVIVE   m18_d3_TF1_claude_a02.py
    SURVIVE   m19_d3_TF1_claude_a03.py
    SURVIVE   m20_d3_TF1_deepseek_a02.py
    SURVIVE   m21_d3_TF1_deepseek_a03.py
    SURVIVE   m22_d3_TF1_deepseek_a01.py
    SURVIVE   m23_d3_TF1_gpt_a02.py
    SURVIVE   m24_d3_TF1_gpt_a03.py
    SURVIVE   m25_d3_TF1_gpt_a01.py

Cell: D3_MP2  inst=25  equiv=0  killed=9  survive=16  SMS=0.3600
    SURVIVE   m01_d3_HP1_claude_a02.py
    SURVIVE   m02_d3_HP1_claude_a01.py
    SURVIVE   m03_d3_HP1_claude_a03.py
    SURVIVE   m04_d3_HP1_deepseek_a03.py
    SURVIVE   m05_d3_HP1_deepseek_a02.py
    SURVIVE   m06_d3_HP1_deepseek_a01.py
    SURVIVE   m07_d3_HP1_gpt_a02.py
    SURVIVE   m08_d3_HP1_gpt_a03.py
    SURVIVE   m09_d3_HP1_gpt_a01.py
    SURVIVE   m10_d3_SI1_claude_a02.py
    SURVIVE   m11_d3_SI1_claude_a01.py
    SURVIVE   m12_d3_SI1_deepseek_a02.py
    SURVIVE   m13_d3_SI1_deepseek_a01.py
    SURVIVE   m14_d3_SI1_deepseek_a03.py
    SURVIVE   m15_d3_SI1_gpt_a03.py
    SURVIVE   m16_d3_SI1_gpt_a01.py
    KILLED    m17_d3_TF1_claude_a01.py
    KILLED    m18_d3_TF1_claude_a02.py
    KILLED    m19_d3_TF1_claude_a03.py
    KILLED    m20_d3_TF1_deepseek_a02.py
    KILLED    m21_d3_TF1_deepseek_a03.py
    KILLED    m22_d3_TF1_deepseek_a01.py
    KILLED    m23_d3_TF1_gpt_a02.py
    KILLED    m24_d3_TF1_gpt_a03.py
    KILLED    m25_d3_TF1_gpt_a01.py

Cell: D2_MP5  inst=27  equiv=0  killed=0  survive=27  SMS=0.0000
    SURVIVE   m01_d2_HP1_claude_a02.py
    SURVIVE   m02_d2_HP1_claude_a01.py
    SURVIVE   m03_d2_HP1_claude_a03.py
    SURVIVE   m04_d2_HP1_deepseek_a03.py
    SURVIVE   m05_d2_HP1_deepseek_a02.py
    SURVIVE   m06_d2_HP1_deepseek_a01.py
    SURVIVE   m07_d2_HP1_gpt_a02.py
    SURVIVE   m08_d2_HP1_gpt_a03.py
    SURVIVE   m09_d2_HP1_gpt_a01.py
    SURVIVE   m10_d2_OS1_claude_a02.py
    SURVIVE   m11_d2_OS1_claude_a03.py
    SURVIVE   m12_d2_OS1_claude_a01.py
    SURVIVE   m13_d2_OS1_deepseek_a02.py
    SURVIVE   m14_d2_OS1_deepseek_a01.py
    SURVIVE   m15_d2_OS1_deepseek_a03.py
    SURVIVE   m16_d2_OS1_gpt_a01.py
    SURVIVE   m17_d2_OS1_gpt_a02.py
    SURVIVE   m18_d2_OS1_gpt_a03.py
    SURVIVE   m19_d2_TF1_claude_a02.py
    SURVIVE   m20_d2_TF1_claude_a03.py
    SURVIVE   m21_d2_TF1_claude_a01.py
    SURVIVE   m22_d2_TF1_deepseek_a02.py
    SURVIVE   m23_d2_TF1_deepseek_a03.py
    SURVIVE   m24_d2_TF1_deepseek_a01.py
    SURVIVE   m25_d2_TF1_gpt_a02.py
    SURVIVE   m26_d2_TF1_gpt_a03.py
    SURVIVE   m27_d2_TF1_gpt_a01.py

Cell: D3_MP5  inst=25  equiv=0  killed=9  survive=16  SMS=0.3600
    SURVIVE   m01_d3_HP1_claude_a02.py
    SURVIVE   m02_d3_HP1_claude_a01.py
    SURVIVE   m03_d3_HP1_claude_a03.py
    SURVIVE   m04_d3_HP1_deepseek_a03.py
    SURVIVE   m05_d3_HP1_deepseek_a02.py
    SURVIVE   m06_d3_HP1_deepseek_a01.py
    SURVIVE   m07_d3_HP1_gpt_a02.py
    SURVIVE   m08_d3_HP1_gpt_a03.py
    SURVIVE   m09_d3_HP1_gpt_a01.py
    SURVIVE   m10_d3_SI1_claude_a02.py
    SURVIVE   m11_d3_SI1_claude_a01.py
    SURVIVE   m12_d3_SI1_deepseek_a02.py
    SURVIVE   m13_d3_SI1_deepseek_a01.py
    SURVIVE   m14_d3_SI1_deepseek_a03.py
    SURVIVE   m15_d3_SI1_gpt_a03.py
    SURVIVE   m16_d3_SI1_gpt_a01.py
    KILLED    m17_d3_TF1_claude_a01.py
    KILLED    m18_d3_TF1_claude_a02.py
    KILLED    m19_d3_TF1_claude_a03.py
    KILLED    m20_d3_TF1_deepseek_a02.py
    KILLED    m21_d3_TF1_deepseek_a03.py
    KILLED    m22_d3_TF1_deepseek_a01.py
    KILLED    m23_d3_TF1_gpt_a02.py
    KILLED    m24_d3_TF1_gpt_a03.py
    KILLED    m25_d3_TF1_gpt_a01.py

Cell: A1_MP5  inst=30  equiv=0  killed=0  survive=30  SMS=0.0000
    SURVIVE   m01_a1_CE1_claude_a02.py
    SURVIVE   m02_a1_CE1_claude_a01.py
    SURVIVE   m03_a1_CE1_claude_a03.py
    SURVIVE   m04_a1_CE1_deepseek_a03.py
    SURVIVE   m05_a1_CE1_deepseek_a02.py
    SURVIVE   m06_a1_CE1_deepseek_a01.py
    SURVIVE   m07_a1_CE1_gpt_a02.py
    SURVIVE   m08_a1_CE1_gpt_a03.py
    SURVIVE   m09_a1_CE1_gpt_a01.py
    SURVIVE   m10_a1_HP1_claude_a02.py
    SURVIVE   m11_a1_HP1_claude_a03.py
    SURVIVE   m12_a1_HP1_claude_a01.py
    SURVIVE   m13_a1_HP1_deepseek_a02.py
    SURVIVE   m14_a1_HP1_deepseek_a01.py
    SURVIVE   m15_a1_HP1_deepseek_a03.py
    SURVIVE   m16_a1_HP1_gpt_a01.py
    SURVIVE   m17_a1_HP1_gpt_a02.py
    SURVIVE   m18_a1_HP1_gpt_a03.py
    SURVIVE   m19_a1_OS1_claude_a02.py
    SURVIVE   m20_a1_OS1_claude_a03.py
    SURVIVE   m21_a1_OS1_deepseek_a02.py
    SURVIVE   m22_a1_OS1_deepseek_a03.py
    SURVIVE   m23_a1_OS1_gpt_a02.py
    SURVIVE   m24_a1_OS1_gpt_a03.py
    SURVIVE   m25_a1_SI1_claude_a02.py
    SURVIVE   m26_a1_SI1_claude_a01.py
    SURVIVE   m27_a1_SI1_deepseek_a01.py
    SURVIVE   m28_a1_SI1_deepseek_a02.py
    SURVIVE   m29_a1_SI1_gpt_a03.py
    SURVIVE   m30_a1_SI1_gpt_a02.py

Cell: B2_MP2  inst=27  equiv=0  killed=9  survive=18  SMS=0.3333
    SURVIVE   m01_b2_CE1_claude_a02.py
    SURVIVE   m02_b2_CE1_claude_a01.py
    SURVIVE   m03_b2_CE1_claude_a03.py
    SURVIVE   m04_b2_CE1_deepseek_a03.py
    SURVIVE   m05_b2_CE1_deepseek_a02.py
    SURVIVE   m06_b2_CE1_deepseek_a01.py
    SURVIVE   m07_b2_CE1_gpt_a02.py
    SURVIVE   m08_b2_CE1_gpt_a03.py
    SURVIVE   m09_b2_CE1_gpt_a01.py
    KILLED    m10_b2_CF1_claude_a02.py
    KILLED    m11_b2_CF1_claude_a03.py
    KILLED    m12_b2_CF1_claude_a01.py
    KILLED    m13_b2_CF1_deepseek_a02.py
    KILLED    m14_b2_CF1_deepseek_a01.py
    KILLED    m15_b2_CF1_deepseek_a03.py
    KILLED    m16_b2_CF1_gpt_a01.py
    KILLED    m17_b2_CF1_gpt_a02.py
    KILLED    m18_b2_CF1_gpt_a03.py
    SURVIVE   m19_b2_HP1_claude_a02.py
    SURVIVE   m20_b2_HP1_claude_a03.py
    SURVIVE   m21_b2_HP1_claude_a01.py
    SURVIVE   m22_b2_HP1_deepseek_a02.py
    SURVIVE   m23_b2_HP1_deepseek_a03.py
    SURVIVE   m24_b2_HP1_deepseek_a01.py
    SURVIVE   m25_b2_HP1_gpt_a02.py
    SURVIVE   m26_b2_HP1_gpt_a03.py
    SURVIVE   m27_b2_HP1_gpt_a01.py

Cell: B2_MP5  inst=27  equiv=0  killed=0  survive=27  SMS=0.0000
    SURVIVE   m01_b2_CE1_claude_a02.py
    SURVIVE   m02_b2_CE1_claude_a01.py
    SURVIVE   m03_b2_CE1_claude_a03.py
    SURVIVE   m04_b2_CE1_deepseek_a03.py
    SURVIVE   m05_b2_CE1_deepseek_a02.py
    SURVIVE   m06_b2_CE1_deepseek_a01.py
    SURVIVE   m07_b2_CE1_gpt_a02.py
    SURVIVE   m08_b2_CE1_gpt_a03.py
    SURVIVE   m09_b2_CE1_gpt_a01.py
    SURVIVE   m10_b2_CF1_claude_a02.py
    SURVIVE   m11_b2_CF1_claude_a03.py
    SURVIVE   m12_b2_CF1_claude_a01.py
    SURVIVE   m13_b2_CF1_deepseek_a02.py
    SURVIVE   m14_b2_CF1_deepseek_a01.py
    SURVIVE   m15_b2_CF1_deepseek_a03.py
    SURVIVE   m16_b2_CF1_gpt_a01.py
    SURVIVE   m17_b2_CF1_gpt_a02.py
    SURVIVE   m18_b2_CF1_gpt_a03.py
    SURVIVE   m19_b2_HP1_claude_a02.py
    SURVIVE   m20_b2_HP1_claude_a03.py
    SURVIVE   m21_b2_HP1_claude_a01.py
    SURVIVE   m22_b2_HP1_deepseek_a02.py
    SURVIVE   m23_b2_HP1_deepseek_a03.py
    SURVIVE   m24_b2_HP1_deepseek_a01.py
    SURVIVE   m25_b2_HP1_gpt_a02.py
    SURVIVE   m26_b2_HP1_gpt_a03.py
    SURVIVE   m27_b2_HP1_gpt_a01.py


Results saved → data/results/sms_track2_v4.json

──────────────────────────────────────────────────
Cell             inst equiv  kill  surv     SMS
──────────────────────────────────────────────────
A1_MP1             30     0     0    30  0.0000
A1_MP2             30     0     0    30  0.0000
A1_MP3             30     0     0    30  0.0000
A1_MP4             30     0     0    30  0.0000
A1_MP5             30     0     0    30  0.0000
A2_MP1             27     0    27     0  1.0000
A2_MP2             27     0     0    27  0.0000
A2_MP3             27     0     0    27  0.0000
A2_MP4             27     0     0    27  0.0000
A2_MP5             27     0     0    27  0.0000
A3_MP1             18     0     0    18  0.0000
A3_MP2             18     0     0    18  0.0000
A3_MP3             18     0     0    18  0.0000
A3_MP4             18     0     0    18  0.0000
A3_MP5             18     0     0    18  0.0000
B1_MP1             27     0    18     9  0.6667
B1_MP2             27     0     9    18  0.3333
B1_MP3             27     0     0    27  0.0000
B1_MP4             27     0     0    27  0.0000
B1_MP5             27     0     0    27  0.0000
B2_MP1             27     0     9    18  0.3333
B2_MP2             27     0     9    18  0.3333
B2_MP3             27     0     0    27  0.0000
B2_MP4             27     0     0    27  0.0000
B2_MP5             27     0     0    27  0.0000
B3_MP1             20     0    11     9  0.5500
B3_MP2             20     0     0    20  0.0000
B3_MP3             20     0     0    20  0.0000
B3_MP4             20     0     0    20  0.0000
B3_MP5             20     0     0    20  0.0000
C1_MP1             10     0     2     8  0.2000
C1_MP2             10     0     2     8  0.2000
C1_MP3             10     0     0    10  0.0000
C1_MP4             10     0     0    10  0.0000
C1_MP5             10     0     2     8  0.2000
C2_MP1             27     0     0    27  0.0000
C2_MP2             27     0     0    27  0.0000
C2_MP3             27     0     0    27  0.0000
C2_MP4             27     0     0    27  0.0000
C2_MP5             27     0     0    27  0.0000
C3_MP1             27     0    20     7  0.7407
C3_MP2             27     0     0    27  0.0000
C3_MP3             27     0     0    27  0.0000
C3_MP4             27     0     0    27  0.0000
C3_MP5             27     0     0    27  0.0000
D1_MP1             27     0     0    27  0.0000
D1_MP2             27     0     9    18  0.3333
D1_MP3             27     0     0    27  0.0000
D1_MP4             27     0     0    27  0.0000
D1_MP5             27     0     9    18  0.3333
D2_MP1             27     0     8    19  0.2963
D2_MP2             27     0     0    27  0.0000
D2_MP3             27     0     0    27  0.0000
D2_MP4             27     0     0    27  0.0000
D2_MP5             27     0     0    27  0.0000
D3_MP1             25     0     0    25  0.0000
D3_MP2             25     0     9    16  0.3600
D3_MP3             25     0     0    25  0.0000
D3_MP4             25     0     0    25  0.0000
D3_MP5             25     0     9    16  0.3600
──────────────────────────────────────────────────
