=== buggy trigger stdout ===
{"property_holds": false, "package_version": {"python": "3.12.3", "platform": "Linux-6.12.94+-x86_64-with-glibc2.39", "harness_env": {"SUNDIALS_INSTALL": "", "HARNESS_BIN": "/tmp/c3_batch1/work/sundials/kprmri-buggy"}}}
=== fixed trigger stdout ===
{"property_holds": true, "package_version": {"python": "3.12.3", "platform": "Linux-6.12.94+-x86_64-with-glibc2.39", "harness_env": {"SUNDIALS_INSTALL": "", "HARNESS_BIN": "/tmp/c3_batch1/work/sundials/kprmri-fixed"}}}
=== buggy harness stdout ===

Adaptive multirate nonlinear Kvaerno-Prothero-Robinson test problem:
    time domain:  (0,5]
    G = -100
    w = 100000
    e = 0.5

  Slow integrator: ARKODE_MRI_GARK_ERK45a (explicit)
    MRI-HTOL controller (using I for H) based on order of MRI embedding
    rtol = 1e-05, atol = 1e-11
    fast error accumulation strategy = 1

  Fast order 4
    I controller for fast time scale, based on order of RK embedding
    fast_rtol = 0.0001, atol = 1e-11
        t           u           v       uerr      verr
   ------------------------------------------------------
    0.000000    1.732051    1.732051  0.00e+00  0.00e+00
    0.250000    1.722754    1.682516  8.90e-06  3.34e-04
    0.500000    1.695882    0.867454  4.77e-07  1.12e-04
    0.750000    1.652154    1.098817  2.93e-05  5.44e-04
    1.000000    1.592759    0.690061  1.54e-06  8.75e-05
    1.250000    1.520432    1.404129  1.75e-06  2.60e-04
    1.500000    1.437431    1.153096  2.98e-05  2.47e-04
    1.750000    1.348037    1.176029  1.50e-05  2.89e-04
    2.000000    1.257102    1.530879  2.79e-05  9.74e-05
    2.250000    1.169810    1.468531  5.98e-06  2.18e-05
    2.500000    1.093839    1.268840  9.05e-06  8.28e-06
    2.750000    1.036308    0.979609  2.13e-05  2.73e-04
    3.000000    1.004255    0.847285  2.35e-06  2.43e-04
    3.250000    1.002280    0.892802  1.99e-12  2.90e-09
    3.500000    1.030676    0.934217  5.43e-07  7.19e-07
    3.750000    1.085566    0.876878  2.89e-06  1.71e-04
    4.000000    1.159818    1.656646  4.31e-06  2.96e-05
    4.250000    1.246002    1.649671  2.33e-06  3.28e-04
    4.500000    1.337013    1.640904  9.10e-15  7.16e-11
    4.750000    1.426805    1.549615  8.44e-07  1.35e-04
    5.000000    1.510451    1.188448  3.83e-06  1.54e-04
   ------------------------------------------------------

Final Solver Statistics:
   Slow steps = 3848  (attempts = 5127,  fails = 1279)
   Fast steps = 3452936  (attempts = 5063881,  fails = 1610945)
   u error = 2.52062e-05, v error = 0.00139067, total error = 0.000983514
   Relative accuracy = 7228.26
   Total RHS evals:  Fse = 24357, Fsi = 0, Ff = 20269628
=== fixed harness stdout ===

Adaptive multirate nonlinear Kvaerno-Prothero-Robinson test problem:
    time domain:  (0,5]
    G = -100
    w = 100000
    e = 0.5

  Slow integrator: ARKODE_MRI_GARK_ERK45a (explicit)
    MRI-HTOL controller (using I for H) based on order of MRI embedding
    rtol = 1e-05, atol = 1e-11
    fast error accumulation strategy = 1

  Fast order 4
    I controller for fast time scale, based on order of RK embedding
    fast_rtol = 0.0001, atol = 1e-11
        t           u           v       uerr      verr
   ------------------------------------------------------
    0.000000    1.732051    1.732051  0.00e+00  0.00e+00
    0.250000    1.723037    1.725583  3.67e-06  1.17e-07
    0.500000    1.696299    1.000674  3.64e-05  5.95e-07
    0.750000    1.652738    1.236909  2.98e-05  4.29e-07
    1.000000    1.593771    1.004457  5.19e-05  9.20e-07
    1.250000    1.521575    1.587152  3.44e-05  5.29e-07
    1.500000    1.438982    1.392965  1.29e-05  4.00e-07
    1.750000    1.349704    1.426708  1.43e-06  2.11e-07
    2.000000    1.258478    1.728973  3.92e-09  5.71e-08
    2.250000    1.171222    1.658839  2.35e-05  2.79e-07
    2.500000    1.094909    1.448407  4.47e-08  1.51e-08
    2.750000    1.037190    1.170191  1.08e-08  1.49e-08
    3.000000    1.005007    1.043426  8.93e-06  4.90e-08
    3.250000    1.002951    1.060324  1.51e-05  4.21e-08
    3.500000    1.031300    1.070749  1.19e-05  4.26e-08
    3.750000    1.086033    1.003741  1.88e-06  3.90e-08
    4.000000    1.160350    1.731084  1.05e-08  1.50e-08
    4.250000    1.246582    1.732029  1.40e-05  2.22e-08
    4.500000    1.337628    1.730404  1.16e-06  5.14e-08
    4.750000    1.427500    1.648130  4.88e-05  1.75e-07
    5.000000    1.511219    1.318354  4.74e-09  1.77e-08
   ------------------------------------------------------

Final Solver Statistics:
   Slow steps = 205  (attempts = 222,  fails = 17)
   Fast steps = 27762903  (attempts = 35680092,  fails = 7917189)
   u error = 4.71699e-05, v error = 7.6994e-05, total error = 6.38478e-05
   Relative accuracy = 91.2214
   Total RHS evals:  Fse = 1094, Fsi = 0, Ff = 142721019
