=== buggy stderr ===
ERROR: LoadError: ArgumentError: Package Reexport [189a3867-3050-52da-a836-e630ba90ab69] is required but does not seem to be installed:
 - Run `Pkg.instantiate()` to install all recorded dependencies.

Stacktrace:
  [1] _require(pkg::Base.PkgId, env::String)
    @ Base ./loading.jl:1926
  [2] __require_prelocked(uuidkey::Base.PkgId, env::String)
    @ Base ./loading.jl:1812
  [3] #invoke_in_world#3
    @ ./essentials.jl:926 [inlined]
  [4] invoke_in_world
    @ ./essentials.jl:923 [inlined]
  [5] _require_prelocked(uuidkey::Base.PkgId, env::String)
    @ Base ./loading.jl:1803
  [6] macro expansion
    @ ./loading.jl:1790 [inlined]
  [7] macro expansion
    @ ./lock.jl:267 [inlined]
  [8] __require(into::Module, mod::Symbol)
    @ Base ./loading.jl:1753
  [9] #invoke_in_world#3
    @ ./essentials.jl:926 [inlined]
 [10] invoke_in_world
    @ ./essentials.jl:923 [inlined]
 [11] require(into::Module, mod::Symbol)
    @ Base ./loading.jl:1746
 [12] include
    @ ./Base.jl:495 [inlined]
 [13] include_package_for_output(pkg::Base.PkgId, input::String, depot_path::Vector{String}, dl_load_path::Vector{String}, load_path::Vector{String}, concrete_deps::Vector{Pair{Base.PkgId, UInt128}}, source::String)
    @ Base ./loading.jl:2222
 [14] top-level scope
    @ stdin:3
in expression starting at /tmp/c3_batch2/work/EXT-ordinarydiffeq-02/buggy-src/src/OrdinaryDiffEq.jl:1
in expression starting at stdin:3
ERROR: LoadError: Failed to precompile OrdinaryDiffEq [1dea7af3-3e70-54e6-95c3-0bf5283fa5ed] to "/tmp/c3_batch2/work/EXT-ordinarydiffeq-02/depot-buggy/compiled/v1.10/OrdinaryDiffEq/jl_96w8Jz".
Stacktrace:
  [1] error(s::String)
    @ Base ./error.jl:35
  [2] compilecache(pkg::Base.PkgId, path::String, internal_stderr::IO, internal_stdout::IO, keep_loaded_modules::Bool)
    @ Base ./loading.jl:2468
  [3] compilecache
    @ ./loading.jl:2340 [inlined]
  [4] (::Base.var"#968#969"{Base.PkgId})()
    @ Base ./loading.jl:1974
  [5] mkpidlock(f::Base.var"#968#969"{Base.PkgId}, at::String, pid::Int32; kwopts::@Kwargs{stale_age::Int64, wait::Bool})
    @ FileWatching.Pidfile /tmp/c3_batch2/work/julia-1.10.5/share/julia/stdlib/v1.10/FileWatching/src/pidfile.jl:93
  [6] #mkpidlock#6
    @ /tmp/c3_batch2/work/julia-1.10.5/share/julia/stdlib/v1.10/FileWatching/src/pidfile.jl:88 [inlined]
  [7] trymkpidlock(::Function, ::Vararg{Any}; kwargs::@Kwargs{stale_age::Int64})
    @ FileWatching.Pidfile /tmp/c3_batch2/work/julia-1.10.5/share/julia/stdlib/v1.10/FileWatching/src/pidfile.jl:111
  [8] #invokelatest#2
    @ ./essentials.jl:894 [inlined]
  [9] invokelatest
    @ ./essentials.jl:889 [inlined]
 [10] maybe_cachefile_lock(f::Base.var"#968#969"{Base.PkgId}, pkg::Base.PkgId, srcpath::String; stale_age::Int64)
    @ Base ./loading.jl:2983
 [11] maybe_cachefile_lock
    @ ./loading.jl:2980 [inlined]
 [12] _require(pkg::Base.PkgId, env::String)
    @ Base ./loading.jl:1970
 [13] __require_prelocked(uuidkey::Base.PkgId, env::String)
    @ Base ./loading.jl:1812
 [14] #invoke_in_world#3
    @ ./essentials.jl:926 [inlined]
 [15] invoke_in_world
    @ ./essentials.jl:923 [inlined]
 [16] _require_prelocked(uuidkey::Base.PkgId, env::String)
    @ Base ./loading.jl:1803
 [17] macro expansion
    @ ./loading.jl:1790 [inlined]
 [18] macro expansion
    @ ./lock.jl:267 [inlined]
 [19] __require(into::Module, mod::Symbol)
    @ Base ./loading.jl:1753
 [20] #invoke_in_world#3
    @ ./essentials.jl:926 [inlined]
 [21] invoke_in_world
    @ ./essentials.jl:923 [inlined]
 [22] require(into::Module, mod::Symbol)
    @ Base ./loading.jl:1746
 [23] include(fname::String)
    @ Base.MainInclude ./client.jl:489
 [24] top-level scope
    @ none:4
in expression starting at /workspace/data/external_slice/reproducers/harnesses/ordinarydiffeq_symplectic_arbitrary_f.jl:23

=== fixed stderr ===
ERROR: LoadError: ArgumentError: Package Reexport [189a3867-3050-52da-a836-e630ba90ab69] is required but does not seem to be installed:
 - Run `Pkg.instantiate()` to install all recorded dependencies.

Stacktrace:
  [1] _require(pkg::Base.PkgId, env::String)
    @ Base ./loading.jl:1926
  [2] __require_prelocked(uuidkey::Base.PkgId, env::String)
    @ Base ./loading.jl:1812
  [3] #invoke_in_world#3
    @ ./essentials.jl:926 [inlined]
  [4] invoke_in_world
    @ ./essentials.jl:923 [inlined]
  [5] _require_prelocked(uuidkey::Base.PkgId, env::String)
    @ Base ./loading.jl:1803
  [6] macro expansion
    @ ./loading.jl:1790 [inlined]
  [7] macro expansion
    @ ./lock.jl:267 [inlined]
  [8] __require(into::Module, mod::Symbol)
    @ Base ./loading.jl:1753
  [9] #invoke_in_world#3
    @ ./essentials.jl:926 [inlined]
 [10] invoke_in_world
    @ ./essentials.jl:923 [inlined]
 [11] require(into::Module, mod::Symbol)
    @ Base ./loading.jl:1746
 [12] include
    @ ./Base.jl:495 [inlined]
 [13] include_package_for_output(pkg::Base.PkgId, input::String, depot_path::Vector{String}, dl_load_path::Vector{String}, load_path::Vector{String}, concrete_deps::Vector{Pair{Base.PkgId, UInt128}}, source::String)
    @ Base ./loading.jl:2222
 [14] top-level scope
    @ stdin:3
in expression starting at /tmp/c3_batch2/work/EXT-ordinarydiffeq-02/fixed-src/src/OrdinaryDiffEq.jl:1
in expression starting at stdin:3
ERROR: LoadError: Failed to precompile OrdinaryDiffEq [1dea7af3-3e70-54e6-95c3-0bf5283fa5ed] to "/tmp/c3_batch2/work/EXT-ordinarydiffeq-02/depot-fixed/compiled/v1.10/OrdinaryDiffEq/jl_i5EEak".
Stacktrace:
  [1] error(s::String)
    @ Base ./error.jl:35
  [2] compilecache(pkg::Base.PkgId, path::String, internal_stderr::IO, internal_stdout::IO, keep_loaded_modules::Bool)
    @ Base ./loading.jl:2468
  [3] compilecache
    @ ./loading.jl:2340 [inlined]
  [4] (::Base.var"#968#969"{Base.PkgId})()
    @ Base ./loading.jl:1974
  [5] mkpidlock(f::Base.var"#968#969"{Base.PkgId}, at::String, pid::Int32; kwopts::@Kwargs{stale_age::Int64, wait::Bool})
    @ FileWatching.Pidfile /tmp/c3_batch2/work/julia-1.10.5/share/julia/stdlib/v1.10/FileWatching/src/pidfile.jl:93
  [6] #mkpidlock#6
    @ /tmp/c3_batch2/work/julia-1.10.5/share/julia/stdlib/v1.10/FileWatching/src/pidfile.jl:88 [inlined]
  [7] trymkpidlock(::Function, ::Vararg{Any}; kwargs::@Kwargs{stale_age::Int64})
    @ FileWatching.Pidfile /tmp/c3_batch2/work/julia-1.10.5/share/julia/stdlib/v1.10/FileWatching/src/pidfile.jl:111
  [8] #invokelatest#2
    @ ./essentials.jl:894 [inlined]
  [9] invokelatest
    @ ./essentials.jl:889 [inlined]
 [10] maybe_cachefile_lock(f::Base.var"#968#969"{Base.PkgId}, pkg::Base.PkgId, srcpath::String; stale_age::Int64)
    @ Base ./loading.jl:2983
 [11] maybe_cachefile_lock
    @ ./loading.jl:2980 [inlined]
 [12] _require(pkg::Base.PkgId, env::String)
    @ Base ./loading.jl:1970
 [13] __require_prelocked(uuidkey::Base.PkgId, env::String)
    @ Base ./loading.jl:1812
 [14] #invoke_in_world#3
    @ ./essentials.jl:926 [inlined]
 [15] invoke_in_world
    @ ./essentials.jl:923 [inlined]
 [16] _require_prelocked(uuidkey::Base.PkgId, env::String)
    @ Base ./loading.jl:1803
 [17] macro expansion
    @ ./loading.jl:1790 [inlined]
 [18] macro expansion
    @ ./lock.jl:267 [inlined]
 [19] __require(into::Module, mod::Symbol)
    @ Base ./loading.jl:1753
 [20] #invoke_in_world#3
    @ ./essentials.jl:926 [inlined]
 [21] invoke_in_world
    @ ./essentials.jl:923 [inlined]
 [22] require(into::Module, mod::Symbol)
    @ Base ./loading.jl:1746
 [23] include(fname::String)
    @ Base.MainInclude ./client.jl:489
 [24] top-level scope
    @ none:4
in expression starting at /workspace/data/external_slice/reproducers/harnesses/ordinarydiffeq_symplectic_arbitrary_f.jl:23

